 ACStesbed_sfun

 Timestamp is 569e4533 (Tue Jan 19 17:16:19 2016)

 Preferred load address is 0000000180000000

 Start         Length     Name                   Class
 0001:00000000 00058464H .text                   CODE
 0001:00058470 00000092H .text$x                 CODE
 0002:00000000 00000510H .idata$5                DATA
 0002:00000510 00000008H .CRT$XCA                DATA
 0002:00000518 00000008H .CRT$XCZ                DATA
 0002:00000520 00000008H .CRT$XIA                DATA
 0002:00000528 00000008H .CRT$XIAA               DATA
 0002:00000530 00000008H .CRT$XIZ                DATA
 0002:00000540 00004c64H .rdata                  DATA
 0002:000051a8 00000008H .rtc$IAA                DATA
 0002:000051b0 00000008H .rtc$IZZ                DATA
 0002:000051b8 00000008H .rtc$TAA                DATA
 0002:000051c0 00000008H .rtc$TZZ                DATA
 0002:000051c8 00004674H .xdata                  DATA
 0002:0000983c 000000b4H .idata$2                DATA
 0002:000098f0 00000014H .idata$3                DATA
 0002:00009908 00000510H .idata$4                DATA
 0002:00009e18 00000bf8H .idata$6                DATA
 0002:0000aa10 00000054H .edata                  DATA
 0003:00000000 0000eed8H .data                   DATA
 0003:0000eee0 000024b8H .bss                    DATA
 0004:00000000 00003594H .pdata                  DATA

  Address         Publics by Value              Rva+Base               Lib:Object

 0000:00000000       ___safe_se_handler_count   0000000000000000     <absolute>
 0000:00000000       ___safe_se_handler_table   0000000000000000     <absolute>
 0000:00000000       __ImageBase                0000000180000000     <linker-defined>
 0001:00000000       ACStesbed_initializer      0000000180001000 f   ACStesbed_sfun.obj
 0001:00000010       ACStesbed_terminator       0000000180001010 f   ACStesbed_sfun.obj
 0001:00000020       sf_ACStesbed_method_dispatcher 0000000180001020 f   ACStesbed_sfun.obj
 0001:00000070       sf_ACStesbed_process_check_sum_call 0000000180001070 f   ACStesbed_sfun.obj
 0001:00000480       sf_ACStesbed_autoinheritance_info 0000000180001480 f   ACStesbed_sfun.obj
 0001:000005f0       sf_ACStesbed_get_eml_resolved_functions_info 00000001800015f0 f   ACStesbed_sfun.obj
 0001:00000720       sf_ACStesbed_third_party_uses_info 0000000180001720 f   ACStesbed_sfun.obj
 0001:00000870       sf_ACStesbed_updateBuildInfo_args_info 0000000180001870 f   ACStesbed_sfun.obj
 0001:000009c0       ACStesbed_debug_initialize 00000001800019c0 f   ACStesbed_sfun.obj
 0001:00000a40       ACStesbed_register_exported_symbols 0000000180001a40 f   ACStesbed_sfun.obj
 0001:00000a50       load_ACStesbed_optimization_info 0000000180001a50 f   ACStesbed_sfun.obj
 0001:00000aa0       unload_ACStesbed_optimization_info 0000000180001aa0 f   ACStesbed_sfun.obj
 0001:00000ad0       sf_c2_ACStesbed_get_eml_resolved_functions_info 0000000180001ad0 f   c2_ACStesbed.obj
 0001:000157f0       sf_c2_ACStesbed_get_check_sum 00000001800167f0 f   c2_ACStesbed.obj
 0001:00015870       sf_c2_ACStesbed_get_autoinheritance_info 0000000180016870 f   c2_ACStesbed.obj
 0001:00016950       sf_c2_ACStesbed_third_party_uses_info 0000000180017950 f   c2_ACStesbed.obj
 0001:00016980       sf_c2_ACStesbed_updateBuildInfo_args_info 0000000180017980 f   c2_ACStesbed.obj
 0001:000169b0       sf_internal_get_sim_state_c2_ACStesbed 00000001800179b0 f   c2_ACStesbed.obj
 0001:00016f20       sf_internal_set_sim_state_c2_ACStesbed 0000000180017f20 f   c2_ACStesbed.obj
 0001:00017750       c2_ACStesbed_method_dispatcher 0000000180018750 f   c2_ACStesbed.obj
 0001:00028270       sf_process_check_sum_call  0000000180029270 f   ACStesbed_sfun_registry.obj
 0001:000282c0       sf_process_autoinheritance_call 00000001800292c0 f   ACStesbed_sfun_registry.obj
 0001:00028460       sf_process_get_third_party_uses_info_call 0000000180029460 f   ACStesbed_sfun_registry.obj
 0001:00028600       sf_process_get_updateBuildInfo_args_info_call 0000000180029600 f   ACStesbed_sfun_registry.obj
 0001:000287a0       sf_process_get_eml_resolved_functions_info_call 00000001800297a0 f   ACStesbed_sfun_registry.obj
 0001:00028920       sf_mex_unlock_call         0000000180029920 f   ACStesbed_sfun_registry.obj
 0001:000289d0       sf_machine_global_initializer_called 00000001800299d0 f   ACStesbed_sfun_registry.obj
 0001:00028a00       sf_machine_global_method_dispatcher 0000000180029a00 f   ACStesbed_sfun_registry.obj
 0001:00028a60       sf_machine_global_terminator 0000000180029a60 f   ACStesbed_sfun_registry.obj
 0001:00028ab0       sf_register_machine_exported_symbols 0000000180029ab0 f   ACStesbed_sfun_registry.obj
 0001:00028ad0       callCustomFcn              0000000180029ad0 f   ACStesbed_sfun_registry.obj
 0001:00028ae0       sf_machine_global_initializer 0000000180029ae0 f   ACStesbed_sfun_registry.obj
 0001:00028b60       _ssSetStateAbsTol          0000000180029b60 f   ACStesbed_sfun_registry.obj
 0001:00028c40       _ssGetAbsTol               0000000180029c40 f   ACStesbed_sfun_registry.obj
 0001:00028cb0       _ssSetInputPortMatrixDimensions 0000000180029cb0 f   ACStesbed_sfun_registry.obj
 0001:00028dc0       _ssSetOutputPortMatrixDimensions 0000000180029dc0 f   ACStesbed_sfun_registry.obj
 0001:00028ed0       _ssSetInputPortVectorDimension 0000000180029ed0 f   ACStesbed_sfun_registry.obj
 0001:00028fa0       _ssSetOutputPortVectorDimension 0000000180029fa0 f   ACStesbed_sfun_registry.obj
 0001:00029070       ssIsRunTimeParamTunable    000000018002a070 f   ACStesbed_sfun_registry.obj
 0001:000290e0       ssGetSFuncBlockHandle      000000018002a0e0 f   ACStesbed_sfun_registry.obj
 0001:00029150       _ssGetCurrentInputPortWidth 000000018002a150 f   ACStesbed_sfun_registry.obj
 0001:00029270       _ssGetCurrentOutputPortWidth 000000018002a270 f   ACStesbed_sfun_registry.obj
 0001:00029390       _ssGetCallSystemNumFcnCallDestinations 000000018002a390 f   ACStesbed_sfun_registry.obj
 0001:00029400       ssWarning                  000000018002a400 f   ACStesbed_sfun_registry.obj
 0001:00029510       ssGetIsZeroCrossControlDisabled 000000018002a510 f   ACStesbed_sfun_registry.obj
 0001:00029580       ssSetIsInputPortUsedForContZcSignal 000000018002a580 f   ACStesbed_sfun_registry.obj
 0001:000295f0       ssSetZcSignalIsZcElementDisc 000000018002a5f0 f   ACStesbed_sfun_registry.obj
 0001:000296a0       ssSetZcSignalName          000000018002a6a0 f   ACStesbed_sfun_registry.obj
 0001:00029710       ssSetZcSignalWidth         000000018002a710 f   ACStesbed_sfun_registry.obj
 0001:00029780       ssSetZcSignalZcEventType   000000018002a780 f   ACStesbed_sfun_registry.obj
 0001:000297f0       ssSetZcSignalType          000000018002a7f0 f   ACStesbed_sfun_registry.obj
 0001:00029860       ssSetZcSignalZcTol         000000018002a860 f   ACStesbed_sfun_registry.obj
 0001:000298d0       ssSetZcSignalNeedsEventNotification 000000018002a8d0 f   ACStesbed_sfun_registry.obj
 0001:00029940       ssCreateAndAddZcSignalInfo 000000018002a940 f   ACStesbed_sfun_registry.obj
 0001:000299b0       ssCloneAndAddZcSignalInfo  000000018002a9b0 f   ACStesbed_sfun_registry.obj
 0001:00029a20       ssGetNumZcSignals          000000018002aa20 f   ACStesbed_sfun_registry.obj
 0001:00029a90       ssGetZcSignalVector        000000018002aa90 f   ACStesbed_sfun_registry.obj
 0001:00029b00       ssGetZcSignalZcEvents      000000018002ab00 f   ACStesbed_sfun_registry.obj
 0001:00029b70       ssGetZcSignalName          000000018002ab70 f   ACStesbed_sfun_registry.obj
 0001:00029be0       ssGetZcSignalWidth         000000018002abe0 f   ACStesbed_sfun_registry.obj
 0001:00029c50       ssGetZcSignalZcEventType   000000018002ac50 f   ACStesbed_sfun_registry.obj
 0001:00029cc0       ssGetZcSignalType          000000018002acc0 f   ACStesbed_sfun_registry.obj
 0001:00029d30       ssGetZcSignalZcTol         000000018002ad30 f   ACStesbed_sfun_registry.obj
 0001:00029db0       ssGetZcSignalNeedsEventNotification 000000018002adb0 f   ACStesbed_sfun_registry.obj
 0001:00029e20       ssGetZcSignalIsZcElementDisc 000000018002ae20 f   ACStesbed_sfun_registry.obj
 0001:00029ec0       ssGetIsInputPortElementContinuous 000000018002aec0 f   ACStesbed_sfun_registry.obj
 0001:00029f60       _ssGetInputPortSignalPtrsFcn 000000018002af60 f   ACStesbed_sfun_registry.obj
 0001:0002a220       _ssGetInputPortSignalFcn   000000018002b220 f   ACStesbed_sfun_registry.obj
 0001:0002a440       _ssSetInputPortDirectFeedThroughFcn 000000018002b440 f   ACStesbed_sfun_registry.obj
 0001:0002a5a0       _ssSetInputPortReusableFcn 000000018002b5a0 f   ACStesbed_sfun_registry.obj
 0001:0002a690       _ssSetOutputPortReusableFcn 000000018002b690 f   ACStesbed_sfun_registry.obj
 0001:0002a770       ssGetDTypeIdFromMxArray    000000018002b770 f   ACStesbed_sfun_registry.obj
 0001:0002a890       ssWriteRTWStr              000000018002b890 f   ACStesbed_sfun_registry.obj
 0001:0002a8f0       ssWriteRTWMxVectParam      000000018002b8f0 f   ACStesbed_sfun_registry.obj
 0001:0002a950       ssWriteRTWMx2dMatParam     000000018002b950 f   ACStesbed_sfun_registry.obj
 0001:0002a9d0       ssWriteRTWNameValuePair    000000018002b9d0 f   ACStesbed_sfun_registry.obj
 0001:0002aec0       ssWriteRTWParameters       000000018002bec0 f   ACStesbed_sfun_registry.obj
 0001:0002b4c0       ssWriteRTWParamSettings    000000018002c4c0 f   ACStesbed_sfun_registry.obj
 0001:0002bb90       ssWriteRTWWorkVect         000000018002cb90 f   ACStesbed_sfun_registry.obj
 0001:0002c090       mexFunction                000000018002d090 f   ACStesbed_sfun_registry.obj
 0001:0002dde0       ProcessMexSfunctionEveryCall 000000018002ede0 f   ACStesbed_sfun_registry.obj
 0001:0002e280       sim_mode_is_rtw_gen        000000018002f280 f   sfc_mex:sfc_sf.obj
 0001:0002e2b0       sim_mode_is_external       000000018002f2b0 f   sfc_mex:sfc_sf.obj
 0001:0002e2c0       sim_mode_is_modelref_sim   000000018002f2c0 f   sfc_mex:sfc_sf.obj
 0001:0002e2e0       mdlInitializeSizes         000000018002f2e0 f   sfc_mex:sfc_sf.obj
 0001:0002e300       mdlInitializeSampleTimes   000000018002f300 f   sfc_mex:sfc_sf.obj
 0001:0002e340       mdlZeroCrossings           000000018002f340 f   sfc_mex:sfc_sf.obj
 0001:0002e420       mdlDerivatives             000000018002f420 f   sfc_mex:sfc_sf.obj
 0001:0002e4d0       mdl_initialize_conditions_processing 000000018002f4d0 f   sfc_mex:sfc_sf.obj
 0001:0002e500       mdlInitializeConditions    000000018002f500 f   sfc_mex:sfc_sf.obj
 0001:0002e5b0       mdlGetSimState             000000018002f5b0 f   sfc_mex:sfc_sf.obj
 0001:0002e5c0       mdlSetSimState             000000018002f5c0 f   sfc_mex:sfc_sf.obj
 0001:0002e5d0       mdl_ext_mode_exec_processing 000000018002f5d0 f   sfc_mex:sfc_sf.obj
 0001:0002e5f0       mdlExtModeExec             000000018002f5f0 f   sfc_mex:sfc_sf.obj
 0001:0002e780       mdlTerminate               000000018002f780 f   sfc_mex:sfc_sf.obj
 0001:0002e7f0       mdlRTW                     000000018002f7f0 f   sfc_mex:sfc_sf.obj
 0001:0002e820       mdlSetWorkWidths           000000018002f820 f   sfc_mex:sfc_sf.obj
 0001:0002e830       mdlProcessParameters       000000018002f830 f   sfc_mex:sfc_sf.obj
 0001:0002e840       mdl_start_processing       000000018002f840 f   sfc_mex:sfc_sf.obj
 0001:0002e8a0       mdlStart                   000000018002f8a0 f   sfc_mex:sfc_sf.obj
 0001:0002e9b0       mdlEnable                  000000018002f9b0 f   sfc_mex:sfc_sf.obj
 0001:0002ea80       mdlDisable                 000000018002fa80 f   sfc_mex:sfc_sf.obj
 0001:0002eb30       sf_get_chart_instance_ptr  000000018002fb30 f   sfc_mex:sfc_sf.obj
 0001:0002eb50       sf_load_rtw_optimization_info 000000018002fb50 f   sfc_mex:sfc_sf.obj
 0001:0002ec20       sf_update_buildInfo        000000018002fc20 f   sfc_mex:sfc_sf.obj
 0001:0002ed20       sf_rtw_info_uint_prop      000000018002fd20 f   sfc_mex:sfc_sf.obj
 0001:0002ee60       sf_is_chart_inlinable      000000018002fe60 f   sfc_mex:sfc_sf.obj
 0001:0002ee80       sf_mark_output_events_with_multiple_callers 000000018002fe80 f   sfc_mex:sfc_sf.obj
 0001:0002f010       sf_mark_chart_reusable_outputs 0000000180030010 f   sfc_mex:sfc_sf.obj
 0001:0002f270       sf_mark_chart_expressionable_inputs 0000000180030270 f   sfc_mex:sfc_sf.obj
 0001:0002f4d0       sf_get_subchart_simstruct  00000001800304d0 f   sfc_mex:sfc_sf.obj
 0001:0002f520       sf_get_fixpt_data_type_id  0000000180030520 f   sfc_mex:sfc_sf.obj
 0001:0002f560       sf_get_enum_data_type_id   0000000180030560 f   sfc_mex:sfc_sf.obj
 0001:0002f5a0       sf_get_param_data_type_id  00000001800305a0 f   sfc_mex:sfc_sf.obj
 0001:0002f5d0       sf_mex_listen_for_ctrl_c_force 00000001800305d0 f   sfc_mex:sfc_sf.obj
 0001:0002f6e0       sf_mex_draw_now            00000001800306e0 f   sfc_mex:sfc_sf.obj
 0001:0002f720       sf_mex_set_debugger_sim_status_listener_fcn 0000000180030720 f   sfc_mex:sfc_sf.obj
 0001:0002f730       sf_mex_listen_for_ctrl_c   0000000180030730 f   sfc_mex:sfc_sf.obj
 0001:0002f7d0       sf_mex_get_sfun_param      00000001800307d0 f   sfc_mex:sfc_sf.obj
 0001:0002f820       sf_get_runtime_param_data  0000000180030820 f   sfc_mex:sfc_sf.obj
 0001:0002f860       sf_call_output_fcn_call    0000000180030860 f   sfc_mex:sfc_sf.obj
 0001:0002f9a0       sf_call_output_fcn_enable  00000001800309a0 f   sfc_mex:sfc_sf.obj
 0001:0002fa30       sf_call_output_fcn_disable 0000000180030a30 f   sfc_mex:sfc_sf.obj
 0001:0002fac0       sf_clear_rtw_identifier    0000000180030ac0 f   sfc_mex:sfc_sf.obj
 0001:000302a0       sf_set_encoded_dwork_info  00000001800312a0 f   sfc_mex:sfc_sf.obj
 0001:000302f0       sf_get_dwork_info_from_mat_file 00000001800312f0 f   sfc_mex:sfc_sf.obj
 0001:000304b0       sf_set_rtw_dwork_info      00000001800314b0 f   sfc_mex:sfc_sf.obj
 0001:00030620       mdlOutputs                 0000000180031620 f   sfc_mex:sfc_sf.obj
 0001:00030810       sf_mex_mx_is_numeric       0000000180031810 f   sfc_mex:sfc_mex.obj
 0001:00030850       strcmp_ignore_ws           0000000180031850 f   sfc_mex:sfc_mex.obj
 0001:00030990       sf_mex_duplicatearraysafe  0000000180031990 f   sfc_mex:sfc_mex.obj
 0001:00030af0       sf_set_error_debugger_context_message_fcn 0000000180031af0 f   sfc_mex:sfc_mex.obj
 0001:00030b00       sf_set_debugger_matlab_error_fcn 0000000180031b00 f   sfc_mex:sfc_mex.obj
 0001:00030b40       sf_set_error_prefix_string 0000000180031b40 f   sfc_mex:sfc_mex.obj
 0001:00030b70       sf_get_error_prefix_string 0000000180031b70 f   sfc_mex:sfc_mex.obj
 0001:00030b80       sf_mex_enter_parallel_region 0000000180031b80 f   sfc_mex:sfc_mex.obj
 0001:00030b90       sf_mex_exit_parallel_region 0000000180031b90 f   sfc_mex:sfc_mex.obj
 0001:00030ba0       sf_get_current_jmp_buf_ptr 0000000180031ba0 f   sfc_mex:sfc_mex.obj
 0001:00030bb0       sf_set_current_jmp_buf_ptr 0000000180031bb0 f   sfc_mex:sfc_mex.obj
 0001:00030bc0       sf_mex_set_halt_simulation 0000000180031bc0 f   sfc_mex:sfc_mex.obj
 0001:00030bd0       sf_mex_get_halt_simulation 0000000180031bd0 f   sfc_mex:sfc_mex.obj
 0001:00030be0       sf_mex_clear_error_message 0000000180031be0 f   sfc_mex:sfc_mex.obj
 0001:00030c00       sf_mex_get_error_message_for_read 0000000180031c00 f   sfc_mex:sfc_mex.obj
 0001:00030c10       sf_mex_get_error_message_buffer_length 0000000180031c10 f   sfc_mex:sfc_mex.obj
 0001:00030cd0       sf_mex_warning_message     0000000180031cd0 f   sfc_mex:sfc_mex.obj
 0001:00030d20       sf_mex_v_errbuf_createf    0000000180031d20 f   sfc_mex:sfc_mex.obj
 0001:00030d30       sf_mex_errbuf_createf      0000000180031d30 f   sfc_mex:sfc_mex.obj
 0001:00030d60       sf_mex_v_errbuf_catf       0000000180031d60 f   sfc_mex:sfc_mex.obj
 0001:00030da0       sf_mex_errbuf_catf         0000000180031da0 f   sfc_mex:sfc_mex.obj
 0001:00030df0       sf_mex_errbuf_copy         0000000180031df0 f   sfc_mex:sfc_mex.obj
 0001:00030e00       sf_mex_errbuf_clear        0000000180031e00 f   sfc_mex:sfc_mex.obj
 0001:00030e10       sf_mex_errbuf_isempty      0000000180031e10 f   sfc_mex:sfc_mex.obj
 0001:00030f10       sf_mex_set_error_status    0000000180031f10 f   sfc_mex:sfc_mex.obj
 0001:00030f60       sf_mex_error_direct_call   0000000180031f60 f   sfc_mex:sfc_mex.obj
 0001:00030f80       sf_mex_error_message_no_long_jump 0000000180031f80 f   sfc_mex:sfc_mex.obj
 0001:00030fa0       sf_mex_long_jump_on_error  0000000180031fa0 f   sfc_mex:sfc_mex.obj
 0001:00030fd0       sf_mex_call_matlab         0000000180031fd0 f   sfc_mex:sfc_mex.obj
 0001:000310b0       sf_mex_check_builtin       00000001800320b0 f   sfc_mex:sfc_mex.obj
 0001:00031150       sf_mex_check_builtin_vs    0000000180032150 f   sfc_mex:sfc_mex.obj
 0001:00031210       sf_mex_check_enum          0000000180032210 f   sfc_mex:sfc_mex.obj
 0001:00031290       sf_mex_create_enum         0000000180032290 f   sfc_mex:sfc_mex.obj
 0001:00031300       sf_mex_get_enum_element    0000000180032300 f   sfc_mex:sfc_mex.obj
 0001:00031310       sf_mex_createcellarray     0000000180032310 f   sfc_mex:sfc_mex.obj
 0001:00031320       sf_mex_setcell             0000000180032320 f   sfc_mex:sfc_mex.obj
 0001:00031330       sf_mex_getcell             0000000180032330 f   sfc_mex:sfc_mex.obj
 0001:00031340       sf_mex_dup                 0000000180032340 f   sfc_mex:sfc_mex.obj
 0001:00031360       sf_mex_assign              0000000180032360 f   sfc_mex:sfc_mex.obj
 0001:000313e0       sf_mex_destroy             00000001800323e0 f   sfc_mex:sfc_mex.obj
 0001:00031410       mx_array_has_fi_type       0000000180032410 f   sfc_mex:sfc_mex.obj
 0001:00031440       sf_mex_convert_from_fi     0000000180032440 f   sfc_mex:sfc_mex.obj
 0001:00031620       sf_mex_convert_to_double   0000000180032620 f   sfc_mex:sfc_mex.obj
 0001:00031730       sf_mex_import_fi_vs        0000000180032730 f   sfc_mex:sfc_mex.obj
 0001:00031940       sf_matrix_matrix_index_ok  0000000180032940 f   sfc_mex:sfc_mex.obj
 0001:000319d0       sf_vector_vector_index_ok  00000001800329d0 f   sfc_mex:sfc_mex.obj
 0001:00031a00       ssGetCurrentInputPortDimensions_wrapper 0000000180032a00 f   sfc_mex:sfc_mex.obj
 0001:00031a20       ssGetCurrentOutputPortDimensions_wrapper 0000000180032a20 f   sfc_mex:sfc_mex.obj
 0001:00031a40       sf_mex_emlrt_context_is_debug_mode 0000000180032a40 f   sfc_mex:sfc_mex.obj
 0001:00031a50       sf_mex_emlrt_context_set_debug_mode 0000000180032a50 f   sfc_mex:sfc_mex.obj
 0001:00031a60       sf_mex_emlrtNameCapturePostProcessR2012a 0000000180032a60 f   sfc_mex:sfc_mex.obj
 0001:00031ad0       sf_clear_error_manager_info 0000000180032ad0 f   sfc_mex:sfc_mex.obj
 0001:00031b30       sf_mex_stop_simulation_abruptly_wo_error 0000000180032b30 f   sfc_mex:sfc_mex.obj
 0001:00031b70       sf_mex_error_message       0000000180032b70 f   sfc_mex:sfc_mex.obj
 0001:00031be0       sf_react_to_error_in_matlab_call 0000000180032be0 f   sfc_mex:sfc_mex.obj
 0001:00031c10       sf_mex_addfield            0000000180032c10 f   sfc_mex:sfc_mex.obj
 0001:00031cb0       sf_mex_getfield            0000000180032cb0 f   sfc_mex:sfc_mex.obj
 0001:00032020       sf_mex_check_class         0000000180033020 f   sfc_mex:sfc_mex.obj
 0001:00032110       sf_mex_is_real             0000000180033110 f   sfc_mex:sfc_mex.obj
 0001:000328c0       sf_mex_decode_encoded_mx_cell_array 00000001800338c0 f   sfc_mex:sfc_mex.obj
 0001:00032b30       sf_mex_decode_encoded_mx_struct_array 0000000180033b30 f   sfc_mex:sfc_mex.obj
 0001:00032e00       lw_bounds_error            0000000180033e00 f   sfc_mex:sfc_mex.obj
 0001:00032e10       sf_mex_lw_bounds_check     0000000180033e10 f   sfc_mex:sfc_mex.obj
 0001:00032e40       sf_mex_lw_bounds_check_int64 0000000180033e40 f   sfc_mex:sfc_mex.obj
 0001:00032e80       sf_mex_lw_size_eq_check_1d 0000000180033e80 f   sfc_mex:sfc_mex.obj
 0001:00032ea0       sf_mex_lw_size_eq_check_nd 0000000180033ea0 f   sfc_mex:sfc_mex.obj
 0001:00033080       sf_mex_lw_dim_size_eq_check 0000000180034080 f   sfc_mex:sfc_mex.obj
 0001:000330b0       sf_mex_lw_dim_size_geq_check 00000001800340b0 f   sfc_mex:sfc_mex.obj
 0001:000330e0       sf_mex_lw_sub_assign_size_check_nd 00000001800340e0 f   sfc_mex:sfc_mex.obj
 0001:00033290       sf_mex_lw_runtime_error_msgid 0000000180034290 f   sfc_mex:sfc_mex.obj
 0001:00033380       sf_mex_lw_matrix_matrix_index_check 0000000180034380 f   sfc_mex:sfc_mex.obj
 0001:000333a0       sf_mex_lw_vector_vector_index_check 00000001800343a0 f   sfc_mex:sfc_mex.obj
 0001:000333e0       sf_mex_lw_for_loop_vector_check 00000001800343e0 f   sfc_mex:sfc_mex.obj
 0001:00033460       sf_mex_lw_non_negative_check 0000000180034460 f   sfc_mex:sfc_mex.obj
 0001:000334a0       sf_mex_overflow_error      00000001800344a0 f   sfc_mex:sfc_mex.obj
 0001:000334b0       sf_mex_dividebyzero_error  00000001800344b0 f   sfc_mex:sfc_mex.obj
 0001:000334c0       sf_mex_unsafe_enum_error   00000001800344c0 f   sfc_mex:sfc_mex.obj
 0001:000334d0       sf_emlrtErrHandler         00000001800344d0 f   sfc_mex:sfc_mex.obj
 0001:00033590       sf_mex_size_one_check      0000000180034590 f   sfc_mex:sfc_mex.obj
 0001:000335b0       sf_mex_printf              00000001800345b0 f   sfc_mex:sfc_mex.obj
 0001:00033800       sf_mex_check_size          0000000180034800 f   sfc_mex:sfc_mex.obj
 0001:00033b40       sf_mex_check_struct        0000000180034b40 f   sfc_mex:sfc_mex.obj
 0001:00033d60       sf_mex_check_struct_vs     0000000180034d60 f   sfc_mex:sfc_mex.obj
 0001:00033df0       sf_mex_check_fi            0000000180034df0 f   sfc_mex:sfc_mex.obj
 0001:00033f80       sf_mex_check_fi_vs         0000000180034f80 f   sfc_mex:sfc_mex.obj
 0001:00034020       sf_echo_expression         0000000180035020 f   sfc_mex:sfc_mex.obj
 0001:00034080       sf_assertion_failed        0000000180035080 f   sfc_mex:sfc_mex.obj
 0001:00034350       sf_mex_evalin              0000000180035350 f   sfc_mex:sfc_mex.obj
 0001:000346a0       sf_mex_export              00000001800356a0 f   sfc_mex:sfc_mex.obj
 0001:00034760       sf_mex_get_ml_var_no_error 0000000180035760 f   sfc_mex:sfc_mex.obj
 0001:000349a0       sf_mex_get_ml_var          00000001800359a0 f   sfc_mex:sfc_mex.obj
 0001:00034ea0       ml_set_element_value_in_array 0000000180035ea0 f   sfc_mex:sfc_mex.obj
 0001:00036810       sf_mex_call_impl           0000000180037810 f   sfc_mex:sfc_mex.obj
 0001:00036c30       sf_mex_call_debug          0000000180037c30 f   sfc_mex:sfc_mex.obj
 0001:00036c60       sf_mex_call                0000000180037c60 f   sfc_mex:sfc_mex.obj
 0001:00037370       sf_mex_createstruct        0000000180038370 f   sfc_mex:sfc_mex.obj
 0001:00037460       sf_mex_createstructarray   0000000180038460 f   sfc_mex:sfc_mex.obj
 0001:000374e0       sf_mex_get_mx_datatype_from_sf_datatype 00000001800384e0 f   sfc_mex:sfc_mex.obj
 0001:000377f0       sf_mex_ml_var_sub          00000001800387f0 f   sfc_mex:sfc_mex.obj
 0001:00037a00       sf_mex_ml_var_subsasgn     0000000180038a00 f   sfc_mex:sfc_mex.obj
 0001:00037dc0       sf_mex_sub                 0000000180038dc0 f   sfc_mex:sfc_mex.obj
 0001:00038000       sf_mex_subsasgn            0000000180039000 f   sfc_mex:sfc_mex.obj
 0001:00038470       sf_mex_create              0000000180039470 f   sfc_mex:sfc_mex.obj
 0001:00038de0       sf_mex_import_named        0000000180039de0 f   sfc_mex:sfc_mex.obj
 0001:00038e40       sf_mex_import              0000000180039e40 f   sfc_mex:sfc_mex.obj
 0001:00038e90       sf_mex_import_vs           0000000180039e90 f   sfc_mex:sfc_mex.obj
 0001:00038fa0       sf_mex_lower_fixpt_mx_array 0000000180039fa0 f   sfc_mex:sfc_mex.obj
 0001:000392d0       sf_debug_chart_instance_initialized_quick 000000018003a2d0 f   sfc_debug:sfcdebug.obj
 0001:00039350       sf_debug_disp              000000018003a350 f   sfc_debug:sfcdebug.obj
 0001:000395e0       sf_debug_data_runtime_size_mismatch_error_check 000000018003a5e0 f   sfc_debug:sfcdebug.obj
 0001:00039690       sf_debug_try_loading_machine 000000018003a690 f   sfc_debug:sfcdebug.obj
 0001:00039790       sf_debug_reset_current_state_configuration 000000018003a790 f   sfc_debug:sfcdebug.obj
 0001:00039810       sf_debug_store_current_state_configuration 000000018003a810 f   sfc_debug:sfcdebug.obj
 0001:00039890       sf_debug_restore_previous_state_configuration 000000018003a890 f   sfc_debug:sfcdebug.obj
 0001:00039910       sf_debug_restore_previous_state_configuration2 000000018003a910 f   sfc_debug:sfcdebug.obj
 0001:00039990       sf_debug_get_event_scope   000000018003a990 f   sfc_debug:sfcdebug.obj
 0001:00039b00       use_debugger_step_animation 000000018003ab00 f   sfc_debug:sfcdebug.obj
 0001:00039b20       sf_debug_get_script_id     000000018003ab20 f   sfc_debug:sfcdebug.obj
 0001:00039bb0       sf_debug_set_script_translation 000000018003abb0 f   sfc_debug:sfcdebug.obj
 0001:00039d40       sf_debug_extract_message_post_receive_info 000000018003ad40 f   sfc_debug:sfcdebug.obj
 0001:00039f90       sf_debug_get_current_machine_id 000000018003af90 f   sfc_debug:sfcdebug.obj
 0001:00039fb0       sf_debug_get_current_optional_integer 000000018003afb0 f   sfc_debug:sfcdebug.obj
 0001:00039fc0       sf_debug_get_current_machine_number 000000018003afc0 f   sfc_debug:sfcdebug.obj
 0001:00039fe0       sf_debug_get_current_machine_name 000000018003afe0 f   sfc_debug:sfcdebug.obj
 0001:0003a000       sf_debug_get_current_chart_id 000000018003b000 f   sfc_debug:sfcdebug.obj
 0001:0003a040       sf_debug_get_current_chart_number 000000018003b040 f   sfc_debug:sfcdebug.obj
 0001:0003a050       sf_debug_get_current_instance_number 000000018003b050 f   sfc_debug:sfcdebug.obj
 0001:0003a060       sf_debug_get_current_is_minor_time_step 000000018003b060 f   sfc_debug:sfcdebug.obj
 0001:0003a0e0       sf_debug_get_current_object_type 000000018003b0e0 f   sfc_debug:sfcdebug.obj
 0001:0003a0f0       sf_debug_get_current_instance_handle 000000018003b0f0 f   sfc_debug:sfcdebug.obj
 0001:0003a150       sf_debug_get_current_event_type 000000018003b150 f   sfc_debug:sfcdebug.obj
 0001:0003a160       sf_debug_get_current_object_id 000000018003b160 f   sfc_debug:sfcdebug.obj
 0001:0003a1a0       sf_debug_get_current_active_event_type 000000018003b1a0 f   sfc_debug:sfcdebug.obj
 0001:0003a1b0       sf_debug_get_current_active_event_id 000000018003b1b0 f   sfc_debug:sfcdebug.obj
 0001:0003a1f0       sf_debug_get_current_tag_type 000000018003b1f0 f   sfc_debug:sfcdebug.obj
 0001:0003a200       sf_debug_get_current_simulation_time 000000018003b200 f   sfc_debug:sfcdebug.obj
 0001:0003a210       sf_debug_current_statement_context 000000018003b210 f   sfc_debug:sfcdebug.obj
 0001:0003a4f0       sf_debug_assertion_failed  000000018003b4f0 f   sfc_debug:sfcdebug.obj
 0001:0003a6a0       sf_debug_create_debug_instance_struct 000000018003b6a0 f   sfc_debug:sfcdebug.obj
 0001:0003a6f0       sf_debug_set_number_of_data_with_change_event_for_machine 000000018003b6f0 f   sfc_debug:sfcdebug.obj
 0001:0003a740       sf_debug_set_machine_event_thresholds 000000018003b740 f   sfc_debug:sfcdebug.obj
 0001:0003a760       sf_debug_set_machine_event_scope 000000018003b760 f   sfc_debug:sfcdebug.obj
 0001:0003a7b0       sf_debug_set_machine_data_thresholds 000000018003b7b0 f   sfc_debug:sfcdebug.obj
 0001:0003a800       sf_debug_set_machine_data_scope 000000018003b800 f   sfc_debug:sfcdebug.obj
 0001:0003a8a0       sf_debug_set_machine_data_name 000000018003b8a0 f   sfc_debug:sfcdebug.obj
 0001:0003a950       sf_debug_set_machine_data_size 000000018003b950 f   sfc_debug:sfcdebug.obj
 0001:0003aaa0       sf_debug_set_machine_data_type 000000018003baa0 f   sfc_debug:sfcdebug.obj
 0001:0003ac10       sf_debug_get_chart_data_number 000000018003bc10 f   sfc_debug:sfcdebug.obj
 0001:0003ac30       sf_debug_get_chart_event_number 000000018003bc30 f   sfc_debug:sfcdebug.obj
 0001:0003ac50       sf_debug_set_chart_state_info 000000018003bc50 f   sfc_debug:sfcdebug.obj
 0001:0003ace0       sf_debug_set_chart_decomposition 000000018003bce0 f   sfc_debug:sfcdebug.obj
 0001:0003ad50       sf_debug_set_chart_substate_count 000000018003bd50 f   sfc_debug:sfcdebug.obj
 0001:0003ae30       sf_debug_set_chart_substate_index 000000018003be30 f   sfc_debug:sfcdebug.obj
 0001:0003aeb0       sf_debug_set_chart_state_substate_count 000000018003beb0 f   sfc_debug:sfcdebug.obj
 0001:0003afd0       sf_debug_set_chart_state_substate_index 000000018003bfd0 f   sfc_debug:sfcdebug.obj
 0001:0003b060       sf_debug_set_number_of_data_with_change_event_for_chart 000000018003c060 f   sfc_debug:sfcdebug.obj
 0001:0003b0f0       sf_debug_set_number_of_states_with_entry_event_for_chart 000000018003c0f0 f   sfc_debug:sfcdebug.obj
 0001:0003b170       sf_debug_set_number_of_states_with_exit_event_for_chart 000000018003c170 f   sfc_debug:sfcdebug.obj
 0001:0003b1f0       sf_debug_set_chart_disable_implicit_casting 000000018003c1f0 f   sfc_debug:sfcdebug.obj
 0001:0003b260       sf_debug_set_chart_event_thresholds 000000018003c260 f   sfc_debug:sfcdebug.obj
 0001:0003b2e0       sf_debug_set_chart_data_compiled_props 000000018003c2e0 f   sfc_debug:sfcdebug.obj
 0001:0003b620       sf_debug_set_chart_data_props 000000018003c620 f   sfc_debug:sfcdebug.obj
 0001:0003b940       sf_debug_check_fi_license  000000018003c940 f   sfc_debug:sfcdebug.obj
 0001:0003baf0       sf_debug_symbol_scope_push 000000018003caf0 f   sfc_debug:sfcdebug.obj
 0001:0003bb30       sf_debug_symbol_scope_push_eml 000000018003cb30 f   sfc_debug:sfcdebug.obj
 0001:0003bb80       sf_debug_symbol_scope_pop  000000018003cb80 f   sfc_debug:sfcdebug.obj
 0001:0003bbc0       sf_debug_symbol_scope_add_importable 000000018003cbc0 f   sfc_debug:sfcdebug.obj
 0001:0003bc40       sf_debug_symbol_scope_add  000000018003cc40 f   sfc_debug:sfcdebug.obj
 0001:0003bcc0       sf_debug_symbol_scope_add_dyn_importable 000000018003ccc0 f   sfc_debug:sfcdebug.obj
 0001:0003bd80       sf_debug_symbol_scope_add_dyn 000000018003cd80 f   sfc_debug:sfcdebug.obj
 0001:0003bdc0       sf_debug_symbol_scope_add_eml_importable 000000018003cdc0 f   sfc_debug:sfcdebug.obj
 0001:0003be00       sf_debug_symbol_scope_add_eml 000000018003ce00 f   sfc_debug:sfcdebug.obj
 0001:0003be40       sf_debug_symbol_scope_add_eml_dyn_importable 000000018003ce40 f   sfc_debug:sfcdebug.obj
 0001:0003bea0       sf_debug_symbol_scope_add_eml_dyn 000000018003cea0 f   sfc_debug:sfcdebug.obj
 0001:0003bf00       sf_debug_symbol_switch     000000018003cf00 f   sfc_debug:sfcdebug.obj
 0001:0003bf20       sf_debug_symbol_scope_add_verbose 000000018003cf20 f   sfc_debug:sfcdebug.obj
 0001:0003bff0       sf_debug_set_machine_data_value_ptr 000000018003cff0 f   sfc_debug:sfcdebug.obj
 0001:0003c030       sf_debug_set_instance_data_value_ptr 000000018003d030 f   sfc_debug:sfcdebug.obj
 0001:0003c100       sf_debug_unset_instance_data_value_ptr 000000018003d100 f   sfc_debug:sfcdebug.obj
 0001:0003c1b0       sf_debug_set_chart_event_scope 000000018003d1b0 f   sfc_debug:sfcdebug.obj
 0001:0003c3d0       sf_debug_unload_machine    000000018003d3d0 f   sfc_debug:sfcdebug.obj
 0001:0003c420       sf_debug_load_machine      000000018003d420 f   sfc_debug:sfcdebug.obj
 0001:0003c530       sf_debug_set_active_instance_in_data_dictionary 000000018003d530 f   sfc_debug:sfcdebug.obj
 0001:0003c710       sf_debug_set_active_instance 000000018003d710 f   sfc_debug:sfcdebug.obj
 0001:0003c870       sf_debug_chart_visiblity_change 000000018003d870 f   sfc_debug:sfcdebug.obj
 0001:0003c960       sf_debug_select_chart      000000018003d960 f   sfc_debug:sfcdebug.obj
 0001:0003cac0       sf_debug_set_instance_cv_ids 000000018003dac0 f   sfc_debug:sfcdebug.obj
 0001:0003cd80       sf_debug_select_charts     000000018003dd80 f   sfc_debug:sfcdebug.obj
 0001:0003cf30       sf_debug_initialized       000000018003df30 f   sfc_debug:sfcdebug.obj
 0001:0003cf50       sf_debug_initialize_debugger_gui 000000018003df50 f   sfc_debug:sfcdebug.obj
 0001:0003d330       sf_debug_resume            000000018003e330 f   sfc_debug:sfcdebug.obj
 0001:0003d350       sf_debug_go                000000018003e350 f   sfc_debug:sfcdebug.obj
 0001:0003d360       sf_debug_break             000000018003e360 f   sfc_debug:sfcdebug.obj
 0001:0003d370       sf_debug_step_over         000000018003e370 f   sfc_debug:sfcdebug.obj
 0001:0003d380       sf_debug_step_out          000000018003e380 f   sfc_debug:sfcdebug.obj
 0001:0003d390       sf_debug_set_disable_all_breakpoints 000000018003e390 f   sfc_debug:sfcdebug.obj
 0001:0003d3a0       sf_debug_disable_all_breakpoints_and_go 000000018003e3a0 f   sfc_debug:sfcdebug.obj
 0001:0003d3b0       sf_debug_break_on_chart_entry 000000018003e3b0 f   sfc_debug:sfcdebug.obj
 0001:0003d3c0       sf_debug_break_on_event_broadcast 000000018003e3c0 f   sfc_debug:sfcdebug.obj
 0001:0003d3d0       sf_debug_break_on_state_entry 000000018003e3d0 f   sfc_debug:sfcdebug.obj
 0001:0003d3e0       sf_debug_break_between_times 000000018003e3e0 f   sfc_debug:sfcdebug.obj
 0001:0003d400       sf_debug_browse_data       000000018003e400 f   sfc_debug:sfcdebug.obj
 0001:0003d410       sf_debug_watch_data        000000018003e410 f   sfc_debug:sfcdebug.obj
 0001:0003d440       sf_debug_assign_data       000000018003e440 f   sfc_debug:sfcdebug.obj
 0001:0003d450       sf_debug_whos              000000018003e450 f   sfc_debug:sfcdebug.obj
 0001:0003d470       sf_debug_get_consistency_info 000000018003e470 f   sfc_debug:sfcdebug.obj
 0001:0003d480       sf_debug_browse_trace      000000018003e480 f   sfc_debug:sfcdebug.obj
 0001:0003d490       sf_debug_set_breakpoints   000000018003e490 f   sfc_debug:sfcdebug.obj
 0001:0003d5f0       sf_debug_set_eml_breakpoints 000000018003e5f0 f   sfc_debug:sfcdebug.obj
 0001:0003d750       sf_debug_set_script_breakpoints 000000018003e750 f   sfc_debug:sfcdebug.obj
 0001:0003d7d0       sf_debug_add_script_breakpoints 000000018003e7d0 f   sfc_debug:sfcdebug.obj
 0001:0003d840       sf_debug_clear_script_breakpoints 000000018003e840 f   sfc_debug:sfcdebug.obj
 0001:0003d8b0       sf_debug_query_script_breakpoints 000000018003e8b0 f   sfc_debug:sfcdebug.obj
 0001:0003d960       sf_debug_get_eml_script_id 000000018003e960 f   sfc_debug:sfcdebug.obj
 0001:0003d9b0       sf_debug_set_watch         000000018003e9b0 f   sfc_debug:sfcdebug.obj
 0001:0003dbd0       sf_debug_get_instance_handle 000000018003ebd0 f   sfc_debug:sfcdebug.obj
 0001:0003dc60       sf_debug_get_active_states 000000018003ec60 f   sfc_debug:sfcdebug.obj
 0001:0003dc70       sf_debug_set_honor_breakpoints 000000018003ec70 f   sfc_debug:sfcdebug.obj
 0001:0003dc80       sf_debug_get_animation     000000018003ec80 f   sfc_debug:sfcdebug.obj
 0001:0003dc90       sf_debug_set_animation     000000018003ec90 f   sfc_debug:sfcdebug.obj
 0001:0003dca0       sf_debug_animate           000000018003eca0 f   sfc_debug:sfcdebug.obj
 0001:0003dcc0       sf_debug_cycle_detection_check 000000018003ecc0 f   sfc_debug:sfcdebug.obj
 0001:0003dcd0       sf_debug_data_range_check  000000018003ecd0 f   sfc_debug:sfcdebug.obj
 0001:0003dce0       sf_debug_transition_conflict_check 000000018003ece0 f   sfc_debug:sfcdebug.obj
 0001:0003dcf0       sf_debug_state_consistency_check 000000018003ecf0 f   sfc_debug:sfcdebug.obj
 0001:0003dd00       sf_debug_data_range_check_enabled 000000018003ed00 f   sfc_debug:sfcdebug.obj
 0001:0003dd20       sf_debug_transition_conflict_check_enabled 000000018003ed20 f   sfc_debug:sfcdebug.obj
 0001:0003dd40       sf_debug_transition_conflict_check_begin 000000018003ed40 f   sfc_debug:sfcdebug.obj
 0001:0003dd60       sf_debug_transition_conflict_check_end 000000018003ed60 f   sfc_debug:sfcdebug.obj
 0001:0003dd80       sf_debug_stop_debugging    000000018003ed80 f   sfc_debug:sfcdebug.obj
 0001:0003ddb0       sf_debug_is_cycle_detected 000000018003edb0 f   sfc_debug:sfcdebug.obj
 0001:0003ddc0       sf_debug_is_array_bounds_detected 000000018003edc0 f   sfc_debug:sfcdebug.obj
 0001:0003df60       sf_debug_get_script_index  000000018003ef60 f   sfc_debug:sfcdebug.obj
 0001:0003e0f0       sf_debug_add_script        000000018003f0f0 f   sfc_debug:sfcdebug.obj
 0001:0003e280       cv_eval_point              000000018003f280 f   sfc_debug:sfcdebug.obj
 0001:0003e3e0       cv_eval_testobjective      000000018003f3e0 f   sfc_debug:sfcdebug.obj
 0001:0003e4f0       sf_debug_cv_init_state     000000018003f4f0 f   sfc_debug:sfcdebug.obj
 0001:0003e620       sf_debug_cv_init_chart     000000018003f620 f   sfc_debug:sfcdebug.obj
 0001:0003e710       sf_debug_cv_init_trans     000000018003f710 f   sfc_debug:sfcdebug.obj
 0001:0003e820       sf_debug_cv_init_saturation 000000018003f820 f   sfc_debug:sfcdebug.obj
 0001:0003e920       sf_debug_cv_init_relationalop 000000018003f920 f   sfc_debug:sfcdebug.obj
 0001:0003ea40       sf_debug_cv_init_testobjectives 000000018003fa40 f   sfc_debug:sfcdebug.obj
 0001:0003ec20       cv_eml_init_script         000000018003fc20 f   sfc_debug:sfcdebug.obj
 0001:0003ed40       cv_eml_init_fcn            000000018003fd40 f   sfc_debug:sfcdebug.obj
 0001:0003ee50       cv_eml_init_testobjective  000000018003fe50 f   sfc_debug:sfcdebug.obj
 0001:0003ef30       cv_eml_init_saturation     000000018003ff30 f   sfc_debug:sfcdebug.obj
 0001:0003f000       cv_eml_init_if             0000000180040000 f   sfc_debug:sfcdebug.obj
 0001:0003f0e0       cv_eml_init_for            00000001800400e0 f   sfc_debug:sfcdebug.obj
 0001:0003f1b0       cv_eml_init_while          00000001800401b0 f   sfc_debug:sfcdebug.obj
 0001:0003f280       cv_eml_init_mcdc           0000000180040280 f   sfc_debug:sfcdebug.obj
 0001:0003f3a0       cv_eml_init_relational     00000001800403a0 f   sfc_debug:sfcdebug.obj
 0001:0003f470       cv_eml_init_switch         0000000180040470 f   sfc_debug:sfcdebug.obj
 0001:0003f570       cv_eml_eval                0000000180040570 f   sfc_debug:sfcdebug.obj
 0001:0003f660       sf_debug_bm_is_a_eml_breakpoint 0000000180040660 f   sfc_debug:sfcdebug.obj
 0001:0003f7b0       sf_debug_temporal_threshold 00000001800407b0 f   sfc_debug:sfcdebug.obj
 0001:0003fb20       sf_debug_transition_conflict_error 0000000180040b20 f   sfc_debug:sfcdebug.obj
 0001:0003fe80       sf_debug_state_inconsistency_error 0000000180040e80 f   sfc_debug:sfcdebug.obj
 0001:0003ffa0       sf_debug_check_for_state_inconsistency 0000000180040fa0 f   sfc_debug:sfcdebug.obj
 0001:0003ffe0       sf_debug_cycle_detecton_error 0000000180040fe0 f   sfc_debug:sfcdebug.obj
 0001:00040710       sf_debug_size_eq_check_1d  0000000180041710 f   sfc_debug:sfcdebug.obj
 0001:00040730       sf_debug_size_eq_check_nd  0000000180041730 f   sfc_debug:sfcdebug.obj
 0001:00040910       sf_debug_dim_size_eq_check 0000000180041910 f   sfc_debug:sfcdebug.obj
 0001:00040940       sf_debug_dim_size_geq_check 0000000180041940 f   sfc_debug:sfcdebug.obj
 0001:00040970       sf_debug_sub_assign_size_check_nd 0000000180041970 f   sfc_debug:sfcdebug.obj
 0001:00040b40       sf_debug_matrix_matrix_index_check 0000000180041b40 f   sfc_debug:sfcdebug.obj
 0001:00040b90       sf_debug_vector_vector_index_check 0000000180041b90 f   sfc_debug:sfcdebug.obj
 0001:00040be0       sf_debug_for_loop_vector_check 0000000180041be0 f   sfc_debug:sfcdebug.obj
 0001:00040c70       sf_debug_runtime_error_msgid 0000000180041c70 f   sfc_debug:sfcdebug.obj
 0001:00040cf0       sf_debug_data_array_bounds_error_check 0000000180041cf0 f   sfc_debug:sfcdebug.obj
 0001:00040e20       sf_debug_eml_data_array_bounds_error_check_int64 0000000180041e20 f   sfc_debug:sfcdebug.obj
 0001:00040fb0       sf_debug_eml_data_array_bounds_error_check 0000000180041fb0 f   sfc_debug:sfcdebug.obj
 0001:00041480       sf_debug_integer_check     0000000180042480 f   sfc_debug:sfcdebug.obj
 0001:00041570       sf_debug_not_nan_check     0000000180042570 f   sfc_debug:sfcdebug.obj
 0001:00041640       sf_debug_non_negative_check 0000000180042640 f   sfc_debug:sfcdebug.obj
 0001:00041710       sf_debug_overflow_detection 0000000180042710 f   sfc_debug:sfcdebug.obj
 0001:00041d70       sf_debug_cast_to_real32_T  0000000180042d70 f   sfc_debug:sfcdebug.obj
 0001:00041e40       sf_debug_cast_to_int8_T    0000000180042e40 f   sfc_debug:sfcdebug.obj
 0001:00041f10       sf_debug_cast_to_uint8_T   0000000180042f10 f   sfc_debug:sfcdebug.obj
 0001:00041fe0       sf_debug_cast_to_int16_T   0000000180042fe0 f   sfc_debug:sfcdebug.obj
 0001:000420b0       sf_debug_cast_to_uint16_T  00000001800430b0 f   sfc_debug:sfcdebug.obj
 0001:00042180       sf_debug_cast_to_int32_T   0000000180043180 f   sfc_debug:sfcdebug.obj
 0001:00042250       sf_debug_cast_to_uint32_T  0000000180043250 f   sfc_debug:sfcdebug.obj
 0001:00042320       sf_debug_data_range_error  0000000180043320 f   sfc_debug:sfcdebug.obj
 0001:00042630       sf_debug_read_before_write_check 0000000180043630 f   sfc_debug:sfcdebug.obj
 0001:00042a60       sf_debug_data_range_error_wrapper_min_max 0000000180043a60 f   sfc_debug:sfcdebug.obj
 0001:00042b80       sf_debug_data_range_error_wrapper_min 0000000180043b80 f   sfc_debug:sfcdebug.obj
 0001:00042c90       sf_debug_data_range_error_wrapper_max 0000000180043c90 f   sfc_debug:sfcdebug.obj
 0001:00042da0       sf_debug_data_range_wrapper 0000000180043da0 f   sfc_debug:sfcdebug.obj
 0001:00042e60       sf_debug_set_current_status_info 0000000180043e60 f   sfc_debug:sfcdebug.obj
 0001:00043080       sf_debug_register_message_post_receive_info 0000000180044080 f   sfc_debug:sfcdebug.obj
 0001:000432d0       sf_debug_call              00000001800442d0 f   sfc_debug:sfcdebug.obj
 0001:00043bc0       sf_debug_initialize_machine 0000000180044bc0 f   sfc_debug:sfcdebug.obj
 0001:00043e60       sf_debug_initialize_chart  0000000180044e60 f   sfc_debug:sfcdebug.obj
 0001:000443a0       sf_debug_ensure_script     00000001800453a0 f   sfc_debug:sfcdebug.obj
 0001:00044450       cv_eval_saturation         0000000180045450 f   sfc_debug:sfcdebug.obj
 0001:000445f0       cv_saturation_accum        00000001800455f0 f   sfc_debug:sfcdebug.obj
 0001:00044730       cv_eval_relational         0000000180045730 f   sfc_debug:sfcdebug.obj
 0001:000448a0       cv_script_init_script      00000001800458a0 f   sfc_debug:sfcdebug.obj
 0001:00044990       cv_script_init_fcn         0000000180045990 f   sfc_debug:sfcdebug.obj
 0001:00044a50       cv_script_init_testobjective 0000000180045a50 f   sfc_debug:sfcdebug.obj
 0001:00044b10       cv_script_init_saturation  0000000180045b10 f   sfc_debug:sfcdebug.obj
 0001:00044bc0       cv_script_init_if          0000000180045bc0 f   sfc_debug:sfcdebug.obj
 0001:00044c80       cv_script_init_for         0000000180045c80 f   sfc_debug:sfcdebug.obj
 0001:00044d30       cv_script_init_while       0000000180045d30 f   sfc_debug:sfcdebug.obj
 0001:00044de0       cv_script_init_mcdc        0000000180045de0 f   sfc_debug:sfcdebug.obj
 0001:00044ee0       cv_script_init_relational  0000000180045ee0 f   sfc_debug:sfcdebug.obj
 0001:00044fa0       cv_script_init_switch      0000000180045fa0 f   sfc_debug:sfcdebug.obj
 0001:00045080       cv_script_eval             0000000180046080 f   sfc_debug:sfcdebug.obj
 0001:00045150       eml_debug_line_call        0000000180046150 f   sfc_debug:sfcdebug.obj
 0001:00045320       sf_debug_terminate         0000000180046320 f   sfc_debug:sfcdebug.obj
 0001:00045530       sf_debug_set_script_cv_ids 0000000180046530 f   sfc_debug:sfcdebug.obj
 0001:00045660       sf_debug_api               0000000180046660 f   sfc_debug:sfc_api.obj
 0001:00046e20       sf_debug_sm_terminate      0000000180047e20 f   sfc_debug:sfdb_animation.obj
 0001:00046fd0       sf_debug_reset_path_objects 0000000180047fd0 f   sfc_debug:sfdb_animation.obj
 0001:00047050       sf_debug_sm_reset_object_selection_status 0000000180048050 f   sfc_debug:sfdb_animation.obj
 0001:000470f0       sf_debug_sm_reset_state_buffer 00000001800480f0 f   sfc_debug:sfdb_animation.obj
 0001:000471c0       sf_debug_sm_store_state_buffer 00000001800481c0 f   sfc_debug:sfdb_animation.obj
 0001:00047240       sf_debug_sm_restore_state_buffer1 0000000180048240 f   sfc_debug:sfdb_animation.obj
 0001:000472b0       sf_debug_sm_restore_state_buffer2 00000001800482b0 f   sfc_debug:sfdb_animation.obj
 0001:00047320       sf_debug_sm_chart_active   0000000180048320 f   sfc_debug:sfdb_animation.obj
 0001:00047370       sf_debug_sm_select_active_objects 0000000180048370 f   sfc_debug:sfdb_animation.obj
 0001:00047840       sf_debug_sm_is_chart_active 0000000180048840 f   sfc_debug:sfdb_animation.obj
 0001:00047880       sf_debug_sm_is_state_active 0000000180048880 f   sfc_debug:sfdb_animation.obj
 0001:00047ac0       sf_debug_sm_get_active_states 0000000180048ac0 f   sfc_debug:sfdb_animation.obj
 0001:00048070       sf_debug_sm_initialize_instance 0000000180049070 f   sfc_debug:sfdb_animation.obj
 0001:00048280       sf_debug_sm_change_object_selection_status 0000000180049280 f   sfc_debug:sfdb_animation.obj
 0001:00048550       cv_create_interface        0000000180049550 f   sfc_debug:cv_sfinterface.obj
 0001:00048860       cv_init_trans              0000000180049860 f   sfc_debug:cv_sfinterface.obj
 0001:000488b0       cv_init_saturation         00000001800498b0 f   sfc_debug:cv_sfinterface.obj
 0001:000488f0       cv_init_relationalop       00000001800498f0 f   sfc_debug:cv_sfinterface.obj
 0001:00048940       cv_init_testobjective      0000000180049940 f   sfc_debug:cv_sfinterface.obj
 0001:00048980       cv_init_state              0000000180049980 f   sfc_debug:cv_sfinterface.obj
 0001:000489f0       cv_init_chart              00000001800499f0 f   sfc_debug:cv_sfinterface.obj
 0001:00048a40       cv_dec_update_call         0000000180049a40 f   sfc_debug:cv_sfinterface.obj
 0001:00048a80       cv_cond_update_call        0000000180049a80 f   sfc_debug:cv_sfinterface.obj
 0001:00048ac0       cv_saturation_update_call  0000000180049ac0 f   sfc_debug:cv_sfinterface.obj
 0001:00048b00       cv_saturation_update_accum 0000000180049b00 f   sfc_debug:cv_sfinterface.obj
 0001:00048b40       cv_testobjective_update_call 0000000180049b40 f   sfc_debug:cv_sfinterface.obj
 0001:00048b80       cv_sigrange_update         0000000180049b80 f   sfc_debug:cv_sfinterface.obj
 0001:00048bc0       cvsf_eml_eval              0000000180049bc0 f   sfc_debug:cv_sfinterface.obj
 0001:00048ca0       cvsf_eval_relational       0000000180049ca0 f   sfc_debug:cv_sfinterface.obj
 0001:00048cf0       cvsf_eml_init_script       0000000180049cf0 f   sfc_debug:cv_sfinterface.obj
 0001:00048d80       cvsf_eml_init_fcn          0000000180049d80 f   sfc_debug:cv_sfinterface.obj
 0001:00048de0       cvsf_eml_init_testobjective 0000000180049de0 f   sfc_debug:cv_sfinterface.obj
 0001:00048e40       cvsf_eml_init_saturation   0000000180049e40 f   sfc_debug:cv_sfinterface.obj
 0001:00048e90       cvsf_eml_init_if           0000000180049e90 f   sfc_debug:cv_sfinterface.obj
 0001:00048ef0       cvsf_eml_init_for          0000000180049ef0 f   sfc_debug:cv_sfinterface.obj
 0001:00048f40       cvsf_eml_init_while        0000000180049f40 f   sfc_debug:cv_sfinterface.obj
 0001:00048f90       cvsf_eml_init_mcdc         0000000180049f90 f   sfc_debug:cv_sfinterface.obj
 0001:00049020       cvsf_eml_init_relational   000000018004a020 f   sfc_debug:cv_sfinterface.obj
 0001:00049070       cvsf_eml_init_switch       000000018004a070 f   sfc_debug:cv_sfinterface.obj
 0001:000490e0       cvsf_script_eval           000000018004a0e0 f   sfc_debug:cv_sfinterface.obj
 0001:000491c0       cvsf_script_init_script    000000018004a1c0 f   sfc_debug:cv_sfinterface.obj
 0001:00049250       cvsf_script_init_fcn       000000018004a250 f   sfc_debug:cv_sfinterface.obj
 0001:000492b0       cvsf_script_init_testobjective 000000018004a2b0 f   sfc_debug:cv_sfinterface.obj
 0001:00049310       cvsf_script_init_saturation 000000018004a310 f   sfc_debug:cv_sfinterface.obj
 0001:00049360       cvsf_script_init_if        000000018004a360 f   sfc_debug:cv_sfinterface.obj
 0001:000493c0       cvsf_script_init_for       000000018004a3c0 f   sfc_debug:cv_sfinterface.obj
 0001:00049410       cvsf_script_init_while     000000018004a410 f   sfc_debug:cv_sfinterface.obj
 0001:00049460       cvsf_script_init_mcdc      000000018004a460 f   sfc_debug:cv_sfinterface.obj
 0001:000494f0       cvsf_script_init_relational 000000018004a4f0 f   sfc_debug:cv_sfinterface.obj
 0001:00049540       cvsf_script_init_switch    000000018004a540 f   sfc_debug:cv_sfinterface.obj
 0001:000495b0       cv_destroy_interface       000000018004a5b0 f   sfc_debug:cv_sfinterface.obj
 0001:000495d0       cv_create_instance_objects 000000018004a5d0 f   sfc_debug:cv_sfinterface.obj
 0001:00049a40       cv_is_enabled              000000018004aa40 f   sfc_debug:cv_sfinterface.obj
 0001:00049a50       sf_debug_cv_initialize_script 000000018004aa50 f   sfc_debug:cv_sfinterface.obj
 0001:00049be0       sf_debug_cv_initialize_instance 000000018004abe0 f   sfc_debug:cv_sfinterface.obj
 0001:00049f70       sf_debug_cv_terminate_chart 000000018004af70 f   sfc_debug:cv_sfinterface.obj
 0001:0004a090       sf_debug_st_initialize_machine 000000018004b090 f   sfc_debug:sfdb_data_browse.obj
 0001:0004a140       sf_debug_st_initialize_instance 000000018004b140 f   sfc_debug:sfdb_data_browse.obj
 0001:0004a350       sf_debug_st_terminate      000000018004b350 f   sfc_debug:sfdb_data_browse.obj
 0001:0004a6f0       sf_debug_st_set_data_value_ptr_in_machine 000000018004b6f0 f   sfc_debug:sfdb_data_browse.obj
 0001:0004a780       sf_debug_st_set_data_value_ptr_in_instance 000000018004b780 f   sfc_debug:sfdb_data_browse.obj
 0001:0004a860       sf_debug_st_unset_data_value_ptr_in_machine 000000018004b860 f   sfc_debug:sfdb_data_browse.obj
 0001:0004a8d0       sf_debug_st_unset_data_value_ptr_in_instance 000000018004b8d0 f   sfc_debug:sfdb_data_browse.obj
 0001:0004ab90       sf_debug_mx_value          000000018004bb90 f   sfc_debug:sfdb_data_browse.obj
 0001:0004abf0       sf_debug_mx_packed_vector  000000018004bbf0 f   sfc_debug:sfdb_data_browse.obj
 0001:0004acd0       sf_debug_mx_uint_vector    000000018004bcd0 f   sfc_debug:sfdb_data_browse.obj
 0001:0004ad80       sf_debug_st_get_double_value_from_void_ptr_vector 000000018004bd80 f   sfc_debug:sfdb_data_browse.obj
 0001:0004b850       sf_debug_st_browse_data    000000018004c850 f   sfc_debug:sfdb_data_browse.obj
 0001:0004c070       sf_debug_hm_initialize_instance 000000018004d070 f   sfc_debug:sfdb_handle_management.obj
 0001:0004c550       sf_debug_hm_get_object_id  000000018004d550 f   sfc_debug:sfdb_handle_management.obj
 0001:0004d100       sf_debug_hm_update_chart_visibility 000000018004e100 f   sfc_debug:sfdb_handle_management.obj
 0001:0004e280       sf_debug_object_is_eml_function 000000018004f280 f   sfc_debug:sfdb_handle_management.obj
 0001:0004e2f0       sf_debug_hm_initialize_ids_in_machine 000000018004f2f0 f   sfc_debug:sfdb_handle_management.obj
 0001:0004e460       sf_debug_hm_initialize_ids_in_chart 000000018004f460 f   sfc_debug:sfdb_handle_management.obj
 0001:0004e560       sf_debug_hm_initialize_chart 000000018004f560 f   sfc_debug:sfdb_handle_management.obj
 0001:0004eb90       sf_debug_hm_terminate      000000018004fb90 f   sfc_debug:sfdb_handle_management.obj
 0001:0004ebf0       sf_debug_hm_initialize_machine 000000018004fbf0 f   sfc_debug:sfdb_handle_management.obj
 0001:0004f310       sf_debug_ss_initialize     0000000180050310 f   sfc_debug:sfdb_symbol_scope.obj
 0001:0004f330       sf_debug_ss_terminate      0000000180050330 f   sfc_debug:sfdb_symbol_scope.obj
 0001:0004f3c0       sf_debug_ss_push_symbol_scope 00000001800503c0 f   sfc_debug:sfdb_symbol_scope.obj
 0001:0004f4c0       sf_debug_ss_push_symbol_scope_eml 00000001800504c0 f   sfc_debug:sfdb_symbol_scope.obj
 0001:0004f520       sf_debug_ss_pop_symbol_scope 0000000180050520 f   sfc_debug:sfdb_symbol_scope.obj
 0001:0004f5d0       sf_debug_ss_add_symbol     00000001800505d0 f   sfc_debug:sfdb_symbol_scope.obj
 0001:0004f740       sf_debug_ss_add_symbol_eml 0000000180050740 f   sfc_debug:sfdb_symbol_scope.obj
 0001:00050640       sf_debug_ss_set_data_value 0000000180051640 f   sfc_debug:sfdb_symbol_scope.obj
 0001:00050b50       sf_debug_ss_watch_data     0000000180051b50 f   sfc_debug:sfdb_symbol_scope.obj
 0001:00050d30       sf_debug_ss_assign_data    0000000180051d30 f   sfc_debug:sfdb_symbol_scope.obj
 0001:00051700       get_data_entry_name        0000000180052700 f   sfc_debug:sfdb_symbol_scope.obj
 0001:00051750       sf_debug_ss_whos           0000000180052750 f   sfc_debug:sfdb_symbol_scope.obj
 0001:00051db0       sf_debug_bm_clear_script_breakpoints 0000000180052db0 f   sfc_debug:sfdb_breakpoints.obj
 0001:00051de0       sf_debug_bm_set_script_breakpoint 0000000180052de0 f   sfc_debug:sfdb_breakpoints.obj
 0001:00051e60       sf_debug_bm_clear_single_script_breakpoint 0000000180052e60 f   sfc_debug:sfdb_breakpoints.obj
 0001:00051ee0       sf_debug_bm_query_script_breakpoint 0000000180052ee0 f   sfc_debug:sfdb_breakpoints.obj
 0001:00051f30       sf_debug_bm_initialize_scripts 0000000180052f30 f   sfc_debug:sfdb_breakpoints.obj
 0001:000525c0       sf_debug_bm_terminate      00000001800535c0 f   sfc_debug:sfdb_breakpoints.obj
 0001:000528a0       sf_debug_bm_remove_all_breakpoints_in_machine 00000001800538a0 f   sfc_debug:sfdb_breakpoints.obj
 0001:00052900       sf_debug_bm_remove_all_breakpoints_in_chart 0000000180053900 f   sfc_debug:sfdb_breakpoints.obj
 0001:00052a50       sf_debug_bm_initialize_global_breakpoints 0000000180053a50 f   sfc_debug:sfdb_breakpoints.obj
 0001:00052bd0       sf_debug_bm_set_breakpoint 0000000180053bd0 f   sfc_debug:sfdb_breakpoints.obj
 0001:000531c0       sf_debug_bm_set_eml_breakpoint 00000001800541c0 f   sfc_debug:sfdb_breakpoints.obj
 0001:00053250       sf_debug_bm_initialize_machine_breakpoint_map 0000000180054250 f   sfc_debug:sfdb_breakpoints.obj
 0001:00053670       sf_debug_bm_is_a_breakpoint 0000000180054670 f   sfc_debug:sfdb_breakpoints.obj
 0001:00053ba0       sf_debug_bm_get_all_breakpoints_in_machine 0000000180054ba0 f   sfc_debug:sfdb_breakpoints.obj
 0001:00053ea0       sf_debug_bm_get_all_breakpoints_in_chart 0000000180054ea0 f   sfc_debug:sfdb_breakpoints.obj
 0001:00054a20       sf_debug_bm_initialize_machine 0000000180055a20 f   sfc_debug:sfdb_breakpoints.obj
 0001:00054af0       sf_debug_bm_initialize_chart 0000000180055af0 f   sfc_debug:sfdb_breakpoints.obj
 0001:00054ee0       sf_debug_sc_terminate      0000000180055ee0 f   sfc_debug:sfdb_state_consistency.obj
 0001:00055200       sf_debug_sc_is_chart_consistent 0000000180056200 f   sfc_debug:sfdb_state_consistency.obj
 0001:000554b0       sf_debug_sc_get_consistency_error_info 00000001800564b0 f   sfc_debug:sfdb_state_consistency.obj
 0001:000558e0       sf_debug_tm_terminate      00000001800568e0 f   sfc_debug:sfdb_call_stack.obj
 0001:00055990       sf_debug_tm_push_chart_instance 0000000180056990 f   sfc_debug:sfdb_call_stack.obj
 0001:00055ad0       sf_debug_tm_pop_chart_instance 0000000180056ad0 f   sfc_debug:sfdb_call_stack.obj
 0001:00055b30       sf_debug_tm_push_trace_node 0000000180056b30 f   sfc_debug:sfdb_call_stack.obj
 0001:00055cb0       sf_debug_tm_pop_trace_node 0000000180056cb0 f   sfc_debug:sfdb_call_stack.obj
 0001:00055d30       sf_debug_tm_get_current_global_trace_index 0000000180056d30 f   sfc_debug:sfdb_call_stack.obj
 0001:00055d40       sf_debug_tm_get_current_local_trace_index 0000000180056d40 f   sfc_debug:sfdb_call_stack.obj
 0001:00055d70       sf_debug_tm_set_cycle_detected_flag 0000000180056d70 f   sfc_debug:sfdb_call_stack.obj
 0001:00055db0       sf_debug_tm_set_cycle_started_flag 0000000180056db0 f   sfc_debug:sfdb_call_stack.obj
 0001:00055df0       sf_debug_tm_get_chart_number_from_stack 0000000180056df0 f   sfc_debug:sfdb_call_stack.obj
 0001:00056010       sf_debug_tm_browse_trace   0000000180057010 f   sfc_debug:sfdb_call_stack.obj
 0001:00056360       sf_debug_cd_initialize_instance 0000000180057360 f   sfc_debug:sfdb_cycle_detection.obj
 0001:00056610       sf_debug_cd_mark_processed_transition_in_instance 0000000180057610 f   sfc_debug:sfdb_cycle_detection.obj
 0001:000566b0       sf_debug_cd_checksum_push  00000001800576b0 f   sfc_debug:sfdb_cycle_detection.obj
 0001:00056960       sf_debug_cd_checksum_pop   0000000180057960 f   sfc_debug:sfdb_cycle_detection.obj
 0001:000569d0       sf_debug_cd_turn_off_cycle_detection 00000001800579d0 f   sfc_debug:sfdb_cycle_detection.obj
 0001:00056a20       sf_debug_cd_terminate      0000000180057a20 f   sfc_debug:sfdb_cycle_detection.obj
 0001:00056c50       md5_initialize_state       0000000180057c50 f   sfc_debug:ckmd5.obj
 0001:000576a0       md5_update_state           00000001800586a0 f   sfc_debug:ckmd5.obj
 0001:000576c0       md5_get_hash               00000001800586c0 f   sfc_debug:ckmd5.obj
 0001:000576f0       md5_get_hash_for_a_single_string 00000001800586f0 f   sfc_debug:ckmd5.obj
 0001:00057750       mxGetScalar                0000000180058750 f   libmx:libmx.dll
 0001:00057756       mxGetPr                    0000000180058756 f   libmx:libmx.dll
 0001:0005775c       mxCreateDoubleMatrix_730   000000018005875c f   libmx:libmx.dll
 0001:00057762       mxGetString_730            0000000180058762 f   libmx:libmx.dll
 0001:00057768       mxIsChar                   0000000180058768 f   libmx:libmx.dll
 0001:0005776e       mxDestroyArray             000000018005876e f   libmx:libmx.dll
 0001:00057774       mxDuplicateArray           0000000180058774 f   libmx:libmx.dll
 0001:0005777a       mxCreateDoubleScalar       000000018005877a f   libmx:libmx.dll
 0001:00057780       mxSetField_730             0000000180058780 f   libmx:libmx.dll
 0001:00057786       mxCreateString             0000000180058786 f   libmx:libmx.dll
 0001:0005778c       mxCreateStructMatrix_730   000000018005878c f   libmx:libmx.dll
 0001:00057792       mxCreateCellMatrix_730     0000000180058792 f   libmx:libmx.dll
 0001:00057798       mxGetNaN                   0000000180058798 f   libmx:libmx.dll
 0001:0005779e       mxGetClassID               000000018005879e f   libmx:libmx.dll
 0001:000577a4       mxIsNumeric                00000001800587a4 f   libmx:libmx.dll
 0001:000577aa       mxIsComplex                00000001800587aa f   libmx:libmx.dll
 0001:000577b0       mxGetN                     00000001800587b0 f   libmx:libmx.dll
 0001:000577b6       mxGetM                     00000001800587b6 f   libmx:libmx.dll
 0001:000577bc       mxCalloc                   00000001800587bc f   libmx:libmx.dll
 0001:000577c2       mxGetString_700            00000001800587c2 f   libmx:libmx.dll
 0001:000577c8       mxFree                     00000001800587c8 f   libmx:libmx.dll
 0001:000577ce       mxArrayToString            00000001800587ce f   libmx:libmx.dll
 0001:000577d4       mxGetNumberOfElements      00000001800587d4 f   libmx:libmx.dll
 0001:000577da       mxGetField_700             00000001800587da f   libmx:libmx.dll
 0001:000577e0       mxSetFieldByNumber_700     00000001800587e0 f   libmx:libmx.dll
 0001:000577e6       mxCreateStructArray_700    00000001800587e6 f   libmx:libmx.dll
 0001:000577ec       mxGetData                  00000001800587ec f   libmx:libmx.dll
 0001:000577f2       mxCreateNumericArray_700   00000001800587f2 f   libmx:libmx.dll
 0001:000577f8       mxIsLogical                00000001800587f8 f   libmx:libmx.dll
 0001:000577fe       mxCreateDoubleMatrix_700   00000001800587fe f   libmx:libmx.dll
 0001:00057804       mxGetProperty_700          0000000180058804 f   libmx:libmx.dll
 0001:0005780a       mxCreateCellMatrix_700     000000018005880a f   libmx:libmx.dll
 0001:00057810       mxSetCell_700              0000000180058810 f   libmx:libmx.dll
 0001:00057816       mxGetCell_700              0000000180058816 f   libmx:libmx.dll
 0001:0005781c       mxGetClassName             000000018005881c f   libmx:libmx.dll
 0001:00057822       mxSetField_700             0000000180058822 f   libmx:libmx.dll
 0001:00057828       mxAddField                 0000000180058828 f   libmx:libmx.dll
 0001:0005782e       mxIsStruct                 000000018005882e f   libmx:libmx.dll
 0001:00057834       mxIsA                      0000000180058834 f   libmx:libmx.dll
 0001:0005783a       mxIsClass                  000000018005883a f   libmx:libmx.dll
 0001:00057840       mxGetLogicals              0000000180058840 f   libmx:libmx.dll
 0001:00057846       mxIsSparse                 0000000180058846 f   libmx:libmx.dll
 0001:0005784c       mxIsCell                   000000018005884c f   libmx:libmx.dll
 0001:00057852       mxGetFieldByNumber_700     0000000180058852 f   libmx:libmx.dll
 0001:00057858       mxGetFieldNameByNumber     0000000180058858 f   libmx:libmx.dll
 0001:0005785e       mxGetNumberOfFields        000000018005885e f   libmx:libmx.dll
 0001:00057864       mxCreateStructMatrix_700   0000000180058864 f   libmx:libmx.dll
 0001:0005786a       mxGetFieldNumber           000000018005886a f   libmx:libmx.dll
 0001:00057870       mxIsNaN                    0000000180058870 f   libmx:libmx.dll
 0001:00057876       mxIsEmpty                  0000000180058876 f   libmx:libmx.dll
 0001:0005787c       mxGetImagData              000000018005887c f   libmx:libmx.dll
 0001:00057882       mxArrayClassIDName         0000000180058882 f   libmx:libmx.dll
 0001:00057888       mxCreateNumericMatrix_700  0000000180058888 f   libmx:libmx.dll
 0001:0005788e       mxCalcSingleSubscript_700  000000018005888e f   libmx:libmx.dll
 0001:00057894       mxGetDimensions_700        0000000180058894 f   libmx:libmx.dll
 0001:0005789a       mxGetNumberOfDimensions_700 000000018005889a f   libmx:libmx.dll
 0001:000578a0       mxGetElementSize           00000001800588a0 f   libmx:libmx.dll
 0001:000578a6       mxCreateStringFromNChars_700 00000001800588a6 f   libmx:libmx.dll
 0001:000578ac       mxSetFieldByNumber_730     00000001800588ac f   libmx:libmx.dll
 0001:000578b2       mxIsLogicalScalarTrue      00000001800588b2 f   libmx:libmx.dll
 0001:000578b8       mxCreateNumericArray_730   00000001800588b8 f   libmx:libmx.dll
 0001:000578be       mxCreateLogicalScalar      00000001800588be f   libmx:libmx.dll
 0001:000578c4       mxGetDimensions_730        00000001800588c4 f   libmx:libmx.dll
 0001:000578ca       mxGetNumberOfDimensions_730 00000001800588ca f   libmx:libmx.dll
 0001:000578d0       mxGetFieldByNumber_730     00000001800588d0 f   libmx:libmx.dll
 0001:000578d6       mxSetCell_730              00000001800588d6 f   libmx:libmx.dll
 0001:000578dc       mxGetCell_730              00000001800588dc f   libmx:libmx.dll
 0001:000578e2       mexMakeArrayPersistent     00000001800588e2 f   libmex:libmex.dll
 0001:000578e8       mexUnlock                  00000001800588e8 f   libmex:libmex.dll
 0001:000578ee       mexIsLocked                00000001800588ee f   libmex:libmex.dll
 0001:000578f4       mexWarnMsgTxt              00000001800588f4 f   libmex:libmex.dll
 0001:000578fa       mexCallMATLAB              00000001800588fa f   libmex:libmex.dll
 0001:00057900       mexErrMsgTxt               0000000180058900 f   libmex:libmex.dll
 0001:00057906       mexLock                    0000000180058906 f   libmex:libmex.dll
 0001:0005790c       mexMakeMemoryPersistent    000000018005890c f   libmex:libmex.dll
 0001:00057912       mexCallMATLABWithTrap      0000000180058912 f   libmex:libmex.dll
 0001:00057918       mexPutVariable             0000000180058918 f   libmex:libmex.dll
 0001:0005791e       mexGetVariable             000000018005891e f   libmex:libmex.dll
 0001:00057924       mexFunctionName            0000000180058924 f   libmex:libmex.dll
 0001:0005792a       ssRegisterDataTypeFxpFSlopeFixExpBias 000000018005892a f   libfixedpoint:libfixedpoint.dll
 0001:00057930       ssRegisterDataTypeFxpScaledDouble 0000000180058930 f   libfixedpoint:libfixedpoint.dll
 0001:00057936       utMalloc                   0000000180058936 f   libut:libut.dll
 0001:0005793c       utFree                     000000018005893c f   libut:libut.dll
 0001:00057942       utCPUtime                  0000000180058942 f   libut:libut.dll
 0001:00057948       utVSNprintf                0000000180058948 f   libut:libut.dll
 0001:0005794e       utCalloc                   000000018005894e f   libut:libut.dll
 0001:00057954       utRealloc                  0000000180058954 f   libut:libut.dll
 0001:0005795a       muDoubleScalarIsNaN        000000018005895a f   libmwmathutil:libmwmathutil.dll
 0001:00057960       muDoubleScalarAbs          0000000180058960 f   libmwmathutil:libmwmathutil.dll
 0001:00057966       muDoubleScalarSqrt         0000000180058966 f   libmwmathutil:libmwmathutil.dll
 0001:0005796c       emlrtCreateRootTLS         000000018005896c f   libemlrt:libemlrt.dll
 0001:00057972       emlrtDestroyRootTLS        0000000180058972 f   libemlrt:libemlrt.dll
 0001:00057978       emlrtCheckBuiltInR2012b    0000000180058978 f   libemlrt:libemlrt.dll
 0001:0005797e       emlrtCheckVsBuiltInR2012b  000000018005897e f   libemlrt:libemlrt.dll
 0001:00057984       emlrtCheckEnumR2012b       0000000180058984 f   libemlrt:libemlrt.dll
 0001:0005798a       emlrtCreateEnumR2012b      000000018005898a f   libemlrt:libemlrt.dll
 0001:00057990       emlrtGetEnumElementR2009a  0000000180058990 f   libemlrt:libemlrt.dll
 0001:00057996       emlrtCreateReference       0000000180058996 f   libemlrt:libemlrt.dll
 0001:0005799c       emlrtImportVsFiArrayR2009b 000000018005899c f   libemlrt:libemlrt.dll
 0001:000579a2       emlrtNameCapturePostProcessR2012a 00000001800589a2 f   libemlrt:libemlrt.dll
 0001:000579a8       emlrtExtractMessageId      00000001800589a8 f   libemlrt:libemlrt.dll
 0001:000579ae       emlrtTranslateMessageIDtoLCPstring 00000001800589ae f   libemlrt:libemlrt.dll
 0001:000579b4       emlrtForLoopVectorIsValidR2011b 00000001800589b4 f   libemlrt:libemlrt.dll
 0001:000579ba       emlrtTranslateUTF16MessagetoLCPstring 00000001800589ba f   libemlrt:libemlrt.dll
 0001:000579c0       emlrtGetEnumUnderlyingArrayR2009a 00000001800589c0 f   libemlrt:libemlrt.dll
 0001:000579c6       emlrtIsEnumR2009a          00000001800589c6 f   libemlrt:libemlrt.dll
 0001:000579cc       emlrtInitCharArrayR2013a   00000001800589cc f   libemlrt:libemlrt.dll
 0001:000579d2       dgemv                      00000001800589d2 f   libmwblas:libmwblas.dll
 0001:000579d8       __GSHandlerCheckCommon     00000001800589d8 f   MSVCRT:gshandler.obj
 0001:00057a3c       __GSHandlerCheck           0000000180058a3c f   MSVCRT:gshandler.obj
 0001:00057a5a       strcmp                     0000000180058a5a f   MSVCRT:MSVCR100.dll
 0001:00057a70       __security_check_cookie    0000000180058a70 f   MSVCRT:amdsecgs.obj
 0001:00057a90       strlen                     0000000180058a90 f   MSVCRT:MSVCR100.dll
 0001:00057a96       memset                     0000000180058a96 f   MSVCRT:MSVCR100.dll
 0001:00057ab0       __chkstk                   0000000180058ab0 f   MSVCRT:chkstk.obj
 0001:00057ab0       _alloca_probe              0000000180058ab0     MSVCRT:chkstk.obj
 0001:00057afe       free                       0000000180058afe f   MSVCRT:MSVCR100.dll
 0001:00057b04       sprintf                    0000000180058b04 f   MSVCRT:MSVCR100.dll
 0001:00057b0a       malloc                     0000000180058b0a f   MSVCRT:MSVCR100.dll
 0001:00057b10       strcat                     0000000180058b10 f   MSVCRT:MSVCR100.dll
 0001:00057b16       memcpy                     0000000180058b16 f   MSVCRT:MSVCR100.dll
 0001:00057b1c       NtCurrentTeb               0000000180058b1c f i MSVCRT:crtdll.obj
 0001:00057b88       _CRT_INIT                  0000000180058b88 f   MSVCRT:crtdll.obj
 0001:00057f20       _DllMainCRTStartup         0000000180058f20 f   MSVCRT:crtdll.obj
 0001:00057f5e       _setjmp                    0000000180058f5e f   MSVCRT:MSVCR100.dll
 0001:00057f64       strncpy                    0000000180058f64 f   MSVCRT:MSVCR100.dll
 0001:00057f6a       longjmp                    0000000180058f6a f   MSVCRT:MSVCR100.dll
 0001:00057f70       strncmp                    0000000180058f70 f   MSVCRT:MSVCR100.dll
 0001:00057f76       ceil                       0000000180058f76 f   MSVCRT:MSVCR100.dll
 0001:00057f7c       strrchr                    0000000180058f7c f   MSVCRT:MSVCR100.dll
 0001:00057f82       ldexp                      0000000180058f82 f   MSVCRT:MSVCR100.dll
 0001:00057f88       __report_gsfailure         0000000180058f88 f   MSVCRT:gs_report.obj
 0001:000580d4       __clean_type_info_names    00000001800590d4 f   MSVCRT:tncleanup.obj
 0001:000580e0       _onexit                    00000001800590e0 f   MSVCRT:atonexit.obj
 0001:00058190       atexit                     0000000180059190 f   MSVCRT:atonexit.obj
 0001:000581a8       _RTC_Initialize            00000001800591a8 f   MSVCRT:_initsect_.obj
 0001:000581e0       _RTC_Terminate             00000001800591e0 f   MSVCRT:_initsect_.obj
 0001:00058218       _malloc_crt                0000000180059218 f   MSVCRT:MSVCR100.dll
 0001:00058220       _ValidateImageBase         0000000180059220 f   MSVCRT:pesect.obj
 0001:00058250       _FindPESection             0000000180059250 f   MSVCRT:pesect.obj
 0001:000582a0       _IsNonwritableInCurrentImage 00000001800592a0 f   MSVCRT:pesect.obj
 0001:000582e2       _initterm                  00000001800592e2 f   MSVCRT:MSVCR100.dll
 0001:000582e8       _initterm_e                00000001800592e8 f   MSVCRT:MSVCR100.dll
 0001:000582ee       _encoded_null              00000001800592ee f   MSVCRT:MSVCR100.dll
 0001:000582f4       _amsg_exit                 00000001800592f4 f   MSVCRT:MSVCR100.dll
 0001:000582fa       __C_specific_handler       00000001800592fa f   MSVCRT:MSVCR100.dll
 0001:00058300       __CppXcptFilter            0000000180059300 f   MSVCRT:MSVCR100.dll
 0001:00058308       DllMain                    0000000180059308 f   MSVCRT:dllmain.obj
 0001:0005832c       __security_init_cookie     000000018005932c f   MSVCRT:gs_support.obj
 0001:000583e0       __crt_debugger_hook        00000001800593e0 f   MSVCRT:MSVCR100.dll
 0001:000583e6       __clean_type_info_names_internal 00000001800593e6 f   MSVCRT:MSVCR100.dll
 0001:000583ec       _unlock                    00000001800593ec f   MSVCRT:MSVCR100.dll
 0001:000583f2       __dllonexit                00000001800593f2 f   MSVCRT:MSVCR100.dll
 0001:000583f8       _lock                      00000001800593f8 f   MSVCRT:MSVCR100.dll
 0001:000583fe       EncodePointer              00000001800593fe f   kernel32:KERNEL32.dll
 0001:00058404       DecodePointer              0000000180059404 f   kernel32:KERNEL32.dll
 0001:0005840a       Sleep                      000000018005940a f   kernel32:KERNEL32.dll
 0001:00058410       TerminateProcess           0000000180059410 f   kernel32:KERNEL32.dll
 0001:00058416       GetCurrentProcess          0000000180059416 f   kernel32:KERNEL32.dll
 0001:0005841c       UnhandledExceptionFilter   000000018005941c f   kernel32:KERNEL32.dll
 0001:00058422       SetUnhandledExceptionFilter 0000000180059422 f   kernel32:KERNEL32.dll
 0001:00058428       IsDebuggerPresent          0000000180059428 f   kernel32:KERNEL32.dll
 0001:0005842e       RtlVirtualUnwind           000000018005942e f   kernel32:KERNEL32.dll
 0001:00058434       RtlLookupFunctionEntry     0000000180059434 f   kernel32:KERNEL32.dll
 0001:0005843a       RtlCaptureContext          000000018005943a f   kernel32:KERNEL32.dll
 0001:00058440       DisableThreadLibraryCalls  0000000180059440 f   kernel32:KERNEL32.dll
 0001:00058446       QueryPerformanceCounter    0000000180059446 f   kernel32:KERNEL32.dll
 0001:0005844c       GetTickCount               000000018005944c f   kernel32:KERNEL32.dll
 0001:00058452       GetCurrentThreadId         0000000180059452 f   kernel32:KERNEL32.dll
 0001:00058458       GetCurrentProcessId        0000000180059458 f   kernel32:KERNEL32.dll
 0001:0005845e       GetSystemTimeAsFileTime    000000018005945e f   kernel32:KERNEL32.dll
 0002:00000000       __imp_GetSystemTimeAsFileTime 000000018005a000     kernel32:KERNEL32.dll
 0002:00000008       __imp_GetCurrentProcessId  000000018005a008     kernel32:KERNEL32.dll
 0002:00000010       __imp_GetCurrentThreadId   000000018005a010     kernel32:KERNEL32.dll
 0002:00000018       __imp_GetTickCount         000000018005a018     kernel32:KERNEL32.dll
 0002:00000020       __imp_QueryPerformanceCounter 000000018005a020     kernel32:KERNEL32.dll
 0002:00000028       __imp_DisableThreadLibraryCalls 000000018005a028     kernel32:KERNEL32.dll
 0002:00000030       __imp_RtlCaptureContext    000000018005a030     kernel32:KERNEL32.dll
 0002:00000038       __imp_RtlLookupFunctionEntry 000000018005a038     kernel32:KERNEL32.dll
 0002:00000040       __imp_RtlVirtualUnwind     000000018005a040     kernel32:KERNEL32.dll
 0002:00000048       __imp_IsDebuggerPresent    000000018005a048     kernel32:KERNEL32.dll
 0002:00000050       __imp_SetUnhandledExceptionFilter 000000018005a050     kernel32:KERNEL32.dll
 0002:00000058       __imp_UnhandledExceptionFilter 000000018005a058     kernel32:KERNEL32.dll
 0002:00000060       __imp_GetCurrentProcess    000000018005a060     kernel32:KERNEL32.dll
 0002:00000068       __imp_TerminateProcess     000000018005a068     kernel32:KERNEL32.dll
 0002:00000070       __imp_Sleep                000000018005a070     kernel32:KERNEL32.dll
 0002:00000078       __imp_DecodePointer        000000018005a078     kernel32:KERNEL32.dll
 0002:00000080       __imp_EncodePointer        000000018005a080     kernel32:KERNEL32.dll
 0002:00000088       \177KERNEL32_NULL_THUNK_DATA 000000018005a088     kernel32:KERNEL32.dll
 0002:00000090       __imp__onexit              000000018005a090     MSVCRT:MSVCR100.dll
 0002:00000098       __imp__lock                000000018005a098     MSVCRT:MSVCR100.dll
 0002:000000a0       __imp___dllonexit          000000018005a0a0     MSVCRT:MSVCR100.dll
 0002:000000a8       __imp__unlock              000000018005a0a8     MSVCRT:MSVCR100.dll
 0002:000000b0       __imp___clean_type_info_names_internal 000000018005a0b0     MSVCRT:MSVCR100.dll
 0002:000000b8       __imp___crt_debugger_hook  000000018005a0b8     MSVCRT:MSVCR100.dll
 0002:000000c0       __imp___CppXcptFilter      000000018005a0c0     MSVCRT:MSVCR100.dll
 0002:000000c8       __imp___C_specific_handler 000000018005a0c8     MSVCRT:MSVCR100.dll
 0002:000000d0       __imp__amsg_exit           000000018005a0d0     MSVCRT:MSVCR100.dll
 0002:000000d8       __imp__encoded_null        000000018005a0d8     MSVCRT:MSVCR100.dll
 0002:000000e0       __imp__initterm_e          000000018005a0e0     MSVCRT:MSVCR100.dll
 0002:000000e8       __imp__initterm            000000018005a0e8     MSVCRT:MSVCR100.dll
 0002:000000f0       __imp__malloc_crt          000000018005a0f0     MSVCRT:MSVCR100.dll
 0002:000000f8       __imp_ldexp                000000018005a0f8     MSVCRT:MSVCR100.dll
 0002:00000100       __imp_strrchr              000000018005a100     MSVCRT:MSVCR100.dll
 0002:00000108       __imp_ceil                 000000018005a108     MSVCRT:MSVCR100.dll
 0002:00000110       __imp_strncmp              000000018005a110     MSVCRT:MSVCR100.dll
 0002:00000118       __imp_longjmp              000000018005a118     MSVCRT:MSVCR100.dll
 0002:00000120       __imp_strncpy              000000018005a120     MSVCRT:MSVCR100.dll
 0002:00000128       __imp__setjmp              000000018005a128     MSVCRT:MSVCR100.dll
 0002:00000130       __imp_memcpy               000000018005a130     MSVCRT:MSVCR100.dll
 0002:00000138       __imp_strcat               000000018005a138     MSVCRT:MSVCR100.dll
 0002:00000140       __imp_malloc               000000018005a140     MSVCRT:MSVCR100.dll
 0002:00000148       __imp_sprintf              000000018005a148     MSVCRT:MSVCR100.dll
 0002:00000150       __imp_free                 000000018005a150     MSVCRT:MSVCR100.dll
 0002:00000158       __imp_memset               000000018005a158     MSVCRT:MSVCR100.dll
 0002:00000160       __imp_strlen               000000018005a160     MSVCRT:MSVCR100.dll
 0002:00000168       __imp_strcmp               000000018005a168     MSVCRT:MSVCR100.dll
 0002:00000170       \177MSVCR100_NULL_THUNK_DATA 000000018005a170     MSVCRT:MSVCR100.dll
 0002:00000178       __imp_emlrtInitCharArrayR2013a 000000018005a178     libemlrt:libemlrt.dll
 0002:00000180       __imp_emlrtIsEnumR2009a    000000018005a180     libemlrt:libemlrt.dll
 0002:00000188       __imp_emlrtGetEnumUnderlyingArrayR2009a 000000018005a188     libemlrt:libemlrt.dll
 0002:00000190       __imp_emlrtTranslateUTF16MessagetoLCPstring 000000018005a190     libemlrt:libemlrt.dll
 0002:00000198       __imp_emlrtForLoopVectorIsValidR2011b 000000018005a198     libemlrt:libemlrt.dll
 0002:000001a0       __imp_emlrtTranslateMessageIDtoLCPstring 000000018005a1a0     libemlrt:libemlrt.dll
 0002:000001a8       __imp_emlrtExtractMessageId 000000018005a1a8     libemlrt:libemlrt.dll
 0002:000001b0       __imp_emlrtNameCapturePostProcessR2012a 000000018005a1b0     libemlrt:libemlrt.dll
 0002:000001b8       __imp_emlrtImportVsFiArrayR2009b 000000018005a1b8     libemlrt:libemlrt.dll
 0002:000001c0       __imp_emlrtCreateReference 000000018005a1c0     libemlrt:libemlrt.dll
 0002:000001c8       __imp_emlrtGetEnumElementR2009a 000000018005a1c8     libemlrt:libemlrt.dll
 0002:000001d0       __imp_emlrtCreateEnumR2012b 000000018005a1d0     libemlrt:libemlrt.dll
 0002:000001d8       __imp_emlrtCheckEnumR2012b 000000018005a1d8     libemlrt:libemlrt.dll
 0002:000001e0       __imp_emlrtCheckVsBuiltInR2012b 000000018005a1e0     libemlrt:libemlrt.dll
 0002:000001e8       __imp_emlrtCheckBuiltInR2012b 000000018005a1e8     libemlrt:libemlrt.dll
 0002:000001f0       __imp_emlrtDestroyRootTLS  000000018005a1f0     libemlrt:libemlrt.dll
 0002:000001f8       __imp_emlrtCreateRootTLS   000000018005a1f8     libemlrt:libemlrt.dll
 0002:00000200       \177libemlrt_NULL_THUNK_DATA 000000018005a200     libemlrt:libemlrt.dll
 0002:00000208       __imp_ssRegisterDataTypeFxpScaledDouble 000000018005a208     libfixedpoint:libfixedpoint.dll
 0002:00000210       __imp_ssRegisterDataTypeFxpFSlopeFixExpBias 000000018005a210     libfixedpoint:libfixedpoint.dll
 0002:00000218       \177libfixedpoint_NULL_THUNK_DATA 000000018005a218     libfixedpoint:libfixedpoint.dll
 0002:00000220       __imp_mexMakeArrayPersistent 000000018005a220     libmex:libmex.dll
 0002:00000228       __imp_mexUnlock            000000018005a228     libmex:libmex.dll
 0002:00000230       __imp_mexIsLocked          000000018005a230     libmex:libmex.dll
 0002:00000238       __imp_mexWarnMsgTxt        000000018005a238     libmex:libmex.dll
 0002:00000240       __imp_mexCallMATLAB        000000018005a240     libmex:libmex.dll
 0002:00000248       __imp_mexErrMsgTxt         000000018005a248     libmex:libmex.dll
 0002:00000250       __imp_mexLock              000000018005a250     libmex:libmex.dll
 0002:00000258       __imp_mexMakeMemoryPersistent 000000018005a258     libmex:libmex.dll
 0002:00000260       __imp_mexCallMATLABWithTrap 000000018005a260     libmex:libmex.dll
 0002:00000268       __imp_mexPutVariable       000000018005a268     libmex:libmex.dll
 0002:00000270       __imp_mexGetVariable       000000018005a270     libmex:libmex.dll
 0002:00000278       __imp_mexFunctionName      000000018005a278     libmex:libmex.dll
 0002:00000280       \177libmex_NULL_THUNK_DATA 000000018005a280     libmex:libmex.dll
 0002:00000288       __imp_dgemv                000000018005a288     libmwblas:libmwblas.dll
 0002:00000290       \177libmwblas_NULL_THUNK_DATA 000000018005a290     libmwblas:libmwblas.dll
 0002:00000298       __imp_muDoubleScalarIsNaN  000000018005a298     libmwmathutil:libmwmathutil.dll
 0002:000002a0       __imp_muDoubleScalarSqrt   000000018005a2a0     libmwmathutil:libmwmathutil.dll
[...]
 0001:00030b10       sf_error_append_debugger_context_if_available 0000000180031b10 f   sfc_mex:sfc_mex.obj
 0001:00030bf0       sf_mex_get_error_message_for_write 0000000180031bf0 f   sfc_mex:sfc_mex.obj
 0001:00030c20       replace_single_quotes_by_doubled_quotes 0000000180031c20 f   sfc_mex:sfc_mex.obj
 0001:00030e20       sf_mex_get_formatted_error_string 0000000180031e20 f   sfc_mex:sfc_mex.obj
 0001:00031350       sf_mex_destroy_array       0000000180032350 f   sfc_mex:sfc_mex.obj
 0001:00031780       sfrtAddSize                0000000180032780 f   sfc_mex:sfc_mex.obj
 0001:00031820       sfrtGenSizeString          0000000180032820 f   sfc_mex:sfc_mex.obj
 0001:00031900       sfIsProperVector           0000000180032900 f   sfc_mex:sfc_mex.obj
 0001:00031930       sfIsRowVector              0000000180032930 f   sfc_mex:sfc_mex.obj
 0001:00031a70       sf_ExtractMessageId        0000000180032a70 f   sfc_mex:sfc_mex.obj
 0001:00031d60       sf_mex_err                 0000000180032d60 f   sfc_mex:sfc_mex.obj
 0001:00031de0       sf_error_dimension_out_of_bound 0000000180032de0 f   sfc_mex:sfc_mex.obj
 0001:00031e80       sf_mex_check_and_set_actual_dimensions 0000000180032e80 f   sfc_mex:sfc_mex.obj
 0001:00032210       sf_mex_check_complex       0000000180033210 f   sfc_mex:sfc_mex.obj
 0001:000322c0       sf_mex_check_sparse        00000001800332c0 f   sfc_mex:sfc_mex.obj
 0001:00032380       sf_mex_check_numerictype   0000000180033380 f   sfc_mex:sfc_mex.obj
 0001:00032620       sf_mex_check_fimath        0000000180033620 f   sfc_mex:sfc_mex.obj
 0001:00033500       size_mismatch_error        0000000180034500 f   sfc_mex:sfc_mex.obj
 0001:000340c0       check_array_dimensions     00000001800350c0 f   sfc_mex:sfc_mex.obj
 0001:00034130       check_input_mxarray        0000000180035130 f   sfc_mex:sfc_mex.obj
 0001:000349e0       sf_numeric_value_to_double 00000001800359e0 f   sfc_mex:sfc_mex.obj
 0001:00034a60       ml_generic_out_of_bounds_check 0000000180035a60 f   sfc_mex:sfc_mex.obj
 0001:00034c40       ml_get_element_value_from_array 0000000180035c40 f   sfc_mex:sfc_mex.obj
 0001:00035050       _ml_generic_castability_check 0000000180036050 f   sfc_mex:sfc_mex.obj
 0001:00035ed0       ml_generic_castability_check 0000000180036ed0 f   sfc_mex:sfc_mex.obj
 0001:00035f70       ml_check_mx_array_for_single_castability 0000000180036f70 f   sfc_mex:sfc_mex.obj
 0001:00036010       ml_check_mx_array_for_logical_castability 0000000180037010 f   sfc_mex:sfc_mex.obj
 0001:000360b0       ml_check_mx_array_for_int8_castability 00000001800370b0 f   sfc_mex:sfc_mex.obj
 0001:00036160       ml_check_mx_array_for_uint8_castability 0000000180037160 f   sfc_mex:sfc_mex.obj
 0001:000361c0       ml_check_mx_array_for_int16_castability 00000001800371c0 f   sfc_mex:sfc_mex.obj
 0001:00036220       ml_check_mx_array_for_uint16_castability 0000000180037220 f   sfc_mex:sfc_mex.obj
 0001:00036280       ml_check_mx_array_for_int32_castability 0000000180037280 f   sfc_mex:sfc_mex.obj
 0001:000362e0       ml_check_mx_array_for_uint32_castability 00000001800372e0 f   sfc_mex:sfc_mex.obj
 0001:00036340       ml_check_mx_array_for_int64_castability 0000000180037340 f   sfc_mex:sfc_mex.obj
 0001:000363a0       ml_check_mx_array_for_uint64_castability 00000001800373a0 f   sfc_mex:sfc_mex.obj
 0001:000363f0       ml_check_mx_array_for_castability 00000001800373f0 f   sfc_mex:sfc_mex.obj
 0001:00036c90       set_data_value             0000000180037c90 f   sfc_mex:sfc_mex.obj
 0001:000371f0       get_next_element_address   00000001800381f0 f   sfc_mex:sfc_mex.obj
 0001:000372c0       sf_normalize_index         00000001800382c0 f   sfc_mex:sfc_mex.obj
 0001:00037630       ml_array_index_bound_check 0000000180038630 f   sfc_mex:sfc_mex.obj
 0001:000381a0       mx_value                   00000001800391a0 f   sfc_mex:sfc_mex.obj
 0001:000381f0       sf_create_numeric_array    00000001800391f0 f   sfc_mex:sfc_mex.obj
 0001:00038290       sf_mex_assign_to_mx_array  0000000180039290 f   sfc_mex:sfc_mex.obj
 0001:00038570       assign_from_mx_array       0000000180039570 f   sfc_mex:sfc_mex.obj
 0001:00038cc0       sf_mex_import_v            0000000180039cc0 f   sfc_mex:sfc_mex.obj
 0001:000392b0       SNPRINTF_WRAPPER           000000018003a2b0 f   sfc_debug:sfcdebug.obj
 0001:000392e0       sf_debug_chart_instance_initialized 000000018003a2e0 f   sfc_debug:sfcdebug.obj
 0001:00039460       sfrtAddSize                000000018003a460 f   sfc_debug:sfcdebug.obj
 0001:00039500       sfrtGenSizeString          000000018003a500 f   sfc_debug:sfcdebug.obj
 0001:00039c50       fill_single_message_info   000000018003ac50 f   sfc_debug:sfcdebug.obj
 0001:00039f00       sf_debug_cv_transition_guard 000000018003af00 f   sfc_debug:sfcdebug.obj
 0001:00039f70       sf_debug_sim_status_listener 000000018003af70 f   sfc_debug:sfcdebug.obj
 0001:0003a290       sf_debug_form_mask_bits    000000018003b290 f   sfc_debug:sfcdebug.obj
 0001:0003a2b0       sf_debug_form_sf_data_type_offsets 000000018003b2b0 f   sfc_debug:sfcdebug.obj
 0001:0003a370       sf_debug_free_all          000000018003b370 f   sfc_debug:sfcdebug.obj
 0001:0003a500       sf_debug_append_debugger_context 000000018003b500 f   sfc_debug:sfcdebug.obj
 0001:0003a850       local_strdup               000000018003b850 f   sfc_debug:sfcdebug.obj
 0001:0003b7d0       sf_debug_em_terminate      000000018003c7d0 f   sfc_debug:sfcdebug.obj
 0001:0003b810       sf_debug_push_eml_function 000000018003c810 f   sfc_debug:sfcdebug.obj
 0001:0003b8b0       sf_debug_pop_eml_function  000000018003c8b0 f   sfc_debug:sfcdebug.obj
 0001:0003c230       sf_debug_get_machine_number_from_id_or_name 000000018003d230 f   sfc_debug:sfcdebug.obj
 0001:0003c380       sf_debug_get_chart_number_from_id 000000018003d380 f   sfc_debug:sfcdebug.obj
 0001:0003d0c0       sf_debug_transfer_control_to_debugger_GUI 000000018003e0c0 f   sfc_debug:sfcdebug.obj
 0001:0003ddd0       sf_debug_scripts_rehash    000000018003edd0 f   sfc_debug:sfcdebug.obj
 0001:0003dfe0       sf_debug_get_script_line_count 000000018003efe0 f   sfc_debug:sfcdebug.obj
 0001:0003eb40       cv_eml_state_cvId          000000018003fb40 f   sfc_debug:sfcdebug.obj
 0001:0003ebb0       cv_eml_trans_cvId          000000018003fbb0 f   sfc_debug:sfcdebug.obj
 0001:00040100       sf_debug_data_array_bounds_error 0000000180041100 f   sfc_debug:sfcdebug.obj
 0001:000404b0       eml_debug_runtime_error_doclink 00000001800414b0 f   sfc_debug:sfcdebug.obj
 0001:00040620       sf_debug_runtime_error     0000000180041620 f   sfc_debug:sfcdebug.obj
 0001:00040670       sf_debug_matlab_error      0000000180041670 f   sfc_debug:sfcdebug.obj
 0001:00041140       sf_debug_data_value_error  0000000180042140 f   sfc_debug:sfcdebug.obj
 0001:00041a10       sf_debug_data_loss_error   0000000180042a10 f   sfc_debug:sfcdebug.obj
 0001:00042930       call_cv_range_check        0000000180043930 f   sfc_debug:sfcdebug.obj
 0001:00043010       sf_debug_invoke_cycle_detection_code 0000000180044010 f   sfc_debug:sfcdebug.obj
 0001:00043b20       sf_reset_debug_info_struct 0000000180044b20 f   sfc_debug:sfcdebug.obj
 0001:000443e0       cv_script_cvId             00000001800453e0 f   sfc_debug:sfcdebug.obj
 0001:000457f0       sfc_api_chart_visible      00000001800467f0 f   sfc_debug:sfc_api.obj
 0001:00045880       sfc_api_active_instance    0000000180046880 f   sfc_debug:sfc_api.obj
 0001:00045910       sfc_api_machine_load       0000000180046910 f   sfc_debug:sfc_api.obj
 0001:000459f0       sfc_api_debugger_alive     00000001800469f0 f   sfc_debug:sfc_api.obj
 0001:00045a00       sfc_api_go                 0000000180046a00 f   sfc_debug:sfc_api.obj
 0001:00045a10       sfc_api_step_over          0000000180046a10 f   sfc_debug:sfc_api.obj
 0001:00045a20       sfc_api_step_out           0000000180046a20 f   sfc_debug:sfc_api.obj
 0001:00045a30       sfc_api_resume             0000000180046a30 f   sfc_debug:sfc_api.obj
 0001:00045a40       sfc_api_break              0000000180046a40 f   sfc_debug:sfc_api.obj
 0001:00045a50       sfc_api_stop_debugging     0000000180046a50 f   sfc_debug:sfc_api.obj
 0001:00045ab0       sfc_api_is_cycle_detected  0000000180046ab0 f   sfc_debug:sfc_api.obj
 0001:00045b10       sfc_api_is_array_bounds_detected 0000000180046b10 f   sfc_debug:sfc_api.obj
 0001:00045b70       sfc_api_set_disable_all_breakpoints 0000000180046b70 f   sfc_debug:sfc_api.obj
 0001:00045bf0       sfc_api_disable_all_breakpoints_and_go 0000000180046bf0 f   sfc_debug:sfc_api.obj
 0001:00045c00       sfc_api_close              0000000180046c00 f   sfc_debug:sfc_api.obj
 0001:00045c10       sfc_api_browse_data        0000000180046c10 f   sfc_debug:sfc_api.obj
 0001:00045c90       sfc_api_watch_data         0000000180046c90 f   sfc_debug:sfc_api.obj
 0001:00045da0       sfc_api_extract_message_post_receive_info 0000000180046da0 f   sfc_debug:sfc_api.obj
 0001:00045dc0       sfc_api_assign_data        0000000180046dc0 f   sfc_debug:sfc_api.obj
 0001:00045e50       sfc_api_whos               0000000180046e50 f   sfc_debug:sfc_api.obj
 0001:00045ee0       sfc_api_get_consistency_info 0000000180046ee0 f   sfc_debug:sfc_api.obj
 0001:00045ef0       sfc_api_browse_trace       0000000180046ef0 f   sfc_debug:sfc_api.obj
 0001:00045f00       sfc_api_break_on_chart_entry 0000000180046f00 f   sfc_debug:sfc_api.obj
 0001:00045f30       sfc_api_break_on_event_broadcast 0000000180046f30 f   sfc_debug:sfc_api.obj
 0001:00045f60       sfc_api_break_on_state_entry 0000000180046f60 f   sfc_debug:sfc_api.obj
 0001:00045f90       sfc_api_set_watch          0000000180046f90 f   sfc_debug:sfc_api.obj
 0001:00046040       sfc_api_set_breakpoints    0000000180047040 f   sfc_debug:sfc_api.obj
 0001:00046100       sfc_api_set_eml_breakpoints 0000000180047100 f   sfc_debug:sfc_api.obj
 0001:000461a0       sfc_api_set_script_breakpoints 00000001800471a0 f   sfc_debug:sfc_api.obj
 0001:00046200       sfc_api_add_script_breakpoints 0000000180047200 f   sfc_debug:sfc_api.obj
 0001:00046260       sfc_api_clear_script_breakpoints 0000000180047260 f   sfc_debug:sfc_api.obj
 0001:000462c0       sfc_api_query_script_breakpoints 00000001800472c0 f   sfc_debug:sfc_api.obj
 0001:00046330       sfc_api_get_script_id      0000000180047330 f   sfc_debug:sfc_api.obj
 0001:000463d0       sfc_api_get_active_states  00000001800473d0 f   sfc_debug:sfc_api.obj
 0001:00046460       sfc_api_break_between_times 0000000180047460 f   sfc_debug:sfc_api.obj
 0001:000464d0       sfc_api_get_instance_handle 00000001800474d0 f   sfc_debug:sfc_api.obj
 0001:000465a0       sfc_api_set_animation      00000001800475a0 f   sfc_debug:sfc_api.obj
 0001:000465f0       sfc_api_select_chart       00000001800475f0 f   sfc_debug:sfc_api.obj
 0001:00046660       sfc_api_select_charts      0000000180047660 f   sfc_debug:sfc_api.obj
 0001:00046690       sfc_api_cycle_detection_check 0000000180047690 f   sfc_debug:sfc_api.obj
 0001:000466e0       sfc_api_data_range_check   00000001800476e0 f   sfc_debug:sfc_api.obj
 0001:00046730       sfc_api_transition_conflict_check 0000000180047730 f   sfc_debug:sfc_api.obj
 0001:00046780       sfc_api_state_consistency_check 0000000180047780 f   sfc_debug:sfc_api.obj
 0001:000467d0       sfc_api_set_instance_cv_ids 00000001800477d0 f   sfc_debug:sfc_api.obj
 0001:00046900       sfc_api_set_script_cv_ids  0000000180047900 f   sfc_debug:sfc_api.obj
 0001:000469d0       sfc_api_get_current_machine_id 00000001800479d0 f   sfc_debug:sfc_api.obj
 0001:00046a00       sfc_api_get_current_machine_number 0000000180047a00 f   sfc_debug:sfc_api.obj
 0001:00046a30       sfc_api_get_current_chart_number 0000000180047a30 f   sfc_debug:sfc_api.obj
 0001:00046a60       sfc_api_get_current_instance_number 0000000180047a60 f   sfc_debug:sfc_api.obj
 0001:00046a90       sfc_api_get_current_instance_handle 0000000180047a90 f   sfc_debug:sfc_api.obj
 0001:00046ab0       sfc_api_get_current_is_minor_time_step 0000000180047ab0 f   sfc_debug:sfc_api.obj
 0001:00046ae0       sfc_api_get_current_machine_name 0000000180047ae0 f   sfc_debug:sfc_api.obj
 0001:00046b00       sfc_api_get_current_chart_id 0000000180047b00 f   sfc_debug:sfc_api.obj
 0001:00046b30       sfc_api_get_current_object_type 0000000180047b30 f   sfc_debug:sfc_api.obj
 0001:00046b60       sfc_api_get_current_event_type 0000000180047b60 f   sfc_debug:sfc_api.obj
 0001:00046b90       sfc_api_get_current_object_id 0000000180047b90 f   sfc_debug:sfc_api.obj
 0001:00046bc0       sfc_get_current_active_event_type 0000000180047bc0 f   sfc_debug:sfc_api.obj
 0001:00046bf0       sfc_api_get_current_active_event_id 0000000180047bf0 f   sfc_debug:sfc_api.obj
 0001:00046c20       sfc_api_get_current_simulation_time 0000000180047c20 f   sfc_debug:sfc_api.obj
 0001:00046c40       sfc_get_current_tag_type   0000000180047c40 f   sfc_debug:sfc_api.obj
 0001:00046c70       sfc_get_current_statement_context 0000000180047c70 f   sfc_debug:sfc_api.obj
 0001:00046c90       sfc_get_current_optional_integer 0000000180047c90 f   sfc_debug:sfc_api.obj
 0001:00046cc0       sfc_api_get                0000000180047cc0 f   sfc_debug:sfc_api.obj
 0001:00047900       sf_debug_sm_fill_state_activity_data 0000000180048900 f   sfc_debug:sfdb_animation.obj
 0001:0004a230       void_ptr_stack_vector_free_total 000000018004b230 f   sfc_debug:sfdb_data_browse.obj
 0001:0004a2b0       sf_debug_st_terminate_machine 000000018004b2b0 f   sfc_debug:sfdb_data_browse.obj
 0001:0004a2f0       sf_debug_st_terminate_instance 000000018004b2f0 f   sfc_debug:sfdb_data_browse.obj
 0001:0004a6a0       push_on_to_void_ptr_stack  000000018004b6a0 f   sfc_debug:sfdb_data_browse.obj
 0001:0004a830       pop_from_void_ptr_stack    000000018004b830 f   sfc_debug:sfdb_data_browse.obj
 0001:0004a960       sf_debug_st_get_data_value 000000018004b960 f   sfc_debug:sfdb_data_browse.obj
 0001:0004ae90       mx_value                   000000018004be90 f   sfc_debug:sfdb_data_browse.obj
 0001:0004aed0       sf_debug_st_fill_data_struct 000000018004bed0 f   sfc_debug:sfdb_data_browse.obj
 0001:0004b210       data_type_format_strings   000000018004c210 f   sfc_debug:sfdb_data_browse.obj
 0001:0004b2c0       sf_debug_st_fill_data      000000018004c2c0 f   sfc_debug:sfdb_data_browse.obj
 0001:0004bf80       sf_debug_hm_get_simulink_handle 000000018004cf80 f   sfc_debug:sfdb_handle_management.obj
 0001:0004ca30       sf_debug_hm_initialize_globals 000000018004da30 f   sfc_debug:sfdb_handle_management.obj
 0001:0004cb30       sf_debug_hm_get_machine_debug_flag 000000018004db30 f   sfc_debug:sfdb_handle_management.obj
 0001:0004cca0       sf_debug_hm_get_machine_id 000000018004dca0 f   sfc_debug:sfdb_handle_management.obj
 0001:0004cdc0       sf_debug_hm_get_chart_id   000000018004ddc0 f   sfc_debug:sfdb_handle_management.obj
 0001:0004cf60       sf_debug_hm_register_executing_SFunction 000000018004df60 f   sfc_debug:sfdb_handle_management.obj
 0001:0004d2f0       sf_debug_hm_form_object_boolean_properties 000000018004e2f0 f   sfc_debug:sfdb_handle_management.obj
 0001:0004d5c0       sf_debug_hm_form_object_properties 000000018004e5c0 f   sfc_debug:sfdb_handle_management.obj
 0001:0004d800       sf_debug_hm_terminate_charts 000000018004e800 f   sfc_debug:sfdb_handle_management.obj
 0001:0004de70       sf_debug_hm_terminate_machines 000000018004ee70 f   sfc_debug:sfdb_handle_management.obj
 0001:0004f810       sf_debug_ss_copy_dimension 0000000180050810 f   sfc_debug:sfdb_symbol_scope.obj
 0001:0004f8d0       sf_debug_ss_get_number_elements 00000001800508d0 f   sfc_debug:sfdb_symbol_scope.obj
 0001:0004f8f0       sf_debug_ss_fill_data_struct 00000001800508f0 f   sfc_debug:sfdb_symbol_scope.obj
 0001:0004fc40       sf_debug_ss_reset_data_info 0000000180050c40 f   sfc_debug:sfdb_symbol_scope.obj
 0001:0004fca0       sf_debug_fill_data_info_by_symbol_scope_entry 0000000180050ca0 f   sfc_debug:sfdb_symbol_scope.obj
 0001:0004fd60       sf_debug_fill_data_info_by_data_vector 0000000180050d60 f   sfc_debug:sfdb_symbol_scope.obj
 0001:0004ffb0       get_data_info_helper       0000000180050fb0 f   sfc_debug:sfdb_symbol_scope.obj
 0001:000502a0       sf_debug_ss_get_data_info  00000001800512a0 f   sfc_debug:sfdb_symbol_scope.obj
 0001:000504c0       sf_debug_select_mex_function 00000001800514c0 f   sfc_debug:sfdb_symbol_scope.obj
 0001:000504f0       sf_debug_is_dyn_matrix_initialized 00000001800514f0 f   sfc_debug:sfdb_symbol_scope.obj
 0001:00050510       sf_debug_ss_set_data_value_try 0000000180051510 f   sfc_debug:sfdb_symbol_scope.obj
 0001:000506e0       sf_debug_ss_get_data_value 00000001800516e0 f   sfc_debug:sfdb_symbol_scope.obj
 0001:00050a70       getInstanceNumber          0000000180051a70 f   sfc_debug:sfdb_symbol_scope.obj
 0001:00050e40       sf_debug_ss_data_bytes_string 0000000180051e40 f   sfc_debug:sfdb_symbol_scope.obj
 0001:00050ed0       sf_debug_ss_data_class_string 0000000180051ed0 f   sfc_debug:sfdb_symbol_scope.obj
 0001:00051240       sf_debug_ss_data_size_string 0000000180052240 f   sfc_debug:sfdb_symbol_scope.obj
 0001:00051320       sf_debug_ss_data_create_data_info_struct 0000000180052320 f   sfc_debug:sfdb_symbol_scope.obj
 0001:000515b0       sf_debug_ss_data_create_name_value_pair 00000001800525b0 f   sfc_debug:sfdb_symbol_scope.obj
 0001:00051650       sf_debug_ss_data_get_whos_info 0000000180052650 f   sfc_debug:sfdb_symbol_scope.obj
 0001:00051660       same_named_data_in_data_array 0000000180052660 f   sfc_debug:sfdb_symbol_scope.obj
 0001:00052270       sf_debug_bm_initialize_eml 0000000180053270 f   sfc_debug:sfdb_breakpoints.obj
 0001:00053360       sf_debug_bm_map_debug_tag_to_breakpoint_tag 0000000180054360 f   sfc_debug:sfdb_breakpoints.obj
 0001:00053440       sf_debug_bm_is_a_eml_breakpoint_impl 0000000180054440 f   sfc_debug:sfdb_breakpoints.obj
 0001:00054d70       sf_debug_sc_push_on_error_stack 0000000180055d70 f   sfc_debug:sfdb_state_consistency.obj
 0001:00054e90       sf_debug_sc_reset_error_stack 0000000180055e90 f   sfc_debug:sfdb_state_consistency.obj
 0001:00055020       sf_debug_sc_is_state_inconsistent 0000000180056020 f   sfc_debug:sfdb_state_consistency.obj
 0001:00055310       sf_debug_sc_fill_consistency_info 0000000180056310 f   sfc_debug:sfdb_state_consistency.obj
 0001:000558d0       void_assertion_fcn         00000001800568d0 f   sfc_debug:sfdb_call_stack.obj
 0001:00055e20       sf_debug_tm_fill_local_trace 0000000180056e20 f   sfc_debug:sfdb_call_stack.obj
 0001:00056420       sf_debug_cd_terminate_instance 0000000180057420 f   sfc_debug:sfdb_cycle_detection.obj
 0001:00056480       sf_debug_cd_free_checksum_stack 0000000180057480 f   sfc_debug:sfdb_cycle_detection.obj
 0001:000564d0       sf_debug_cd_reset_pack_strings 00000001800574d0 f   sfc_debug:sfdb_cycle_detection.obj
 0001:00056b70       md5file_clear              0000000180057b70 f   sfc_debug:ckmd5.obj
 0001:00056ba0       Encode                     0000000180057ba0 f   sfc_debug:ckmd5.obj
 0001:00056bf0       Decode                     0000000180057bf0 f   sfc_debug:ckmd5.obj
 0001:00056c90       MD5Transform               0000000180057c90 f   sfc_debug:ckmd5.obj
 0001:000574d0       md5file_addn               00000001800584d0 f   sfc_debug:ckmd5.obj
 0001:000575a0       md5file_hash               00000001800585a0 f   sfc_debug:ckmd5.obj
 0001:00057b28       pre_c_init                 0000000180058b28 f   MSVCRT:crtdll.obj
 0001:00057de4       __DllMainCRTStartup        0000000180058de4 f   MSVCRT:crtdll.obj
 0001:00058470       __DllMainCRTStartup$filt$0 0000000180059470 f   MSVCRT:crtdll.obj
 0001:000584a0       __DllMainCRTStartup$fin$1  00000001800594a0 f   MSVCRT:crtdll.obj
 0001:000584ba       _onexit$fin$0              00000001800594ba f   MSVCRT:atonexit.obj
 0001:000584e0       _IsNonwritableInCurrentImage$filt$0 00000001800594e0 f   MSVCRT:pesect.obj
